[90;40m๚[30;40m                            [90;40m๚[30;40m                            [90;40m๚[30;40m                     
[30;40m   [94;40mออออออออออออออออออออออออออออออออออออออออออออออออออออออออออออออออออออออออออ[30;40m  [90;40m๚
[30;40m   [94;40mอ[90;40mฑฑฑฑฑฑฑฑฑฑฑฑฑฑฑฑฑฑฑฑฑฑฑฑฑฑฑฑฑฑฑฑฑฑฑฑฑฑฑฑฑฑฑฑฑฑฑฑฑฑฑฑฑฑฑฑฑฑฑฑฑฑฑฑฑฑฑฑฑฑฑฑ[94;40mอ[30;40m   
[30;40m   [94;40mอ[90;40mฑ๚[30;40m                            [90;40m๚[97;40mLIGHTHOUSE[30;40m                  [90;40m๚[30;40m           [90;40mฑ[94;40mอ[30;40m   
[30;40m   [94;40mอ[90;40mฑ[30;40m                     [90;40m๚[30;40m                            [90;40m๚[30;40m                   [90;40mฑ[94;40mอ[30;40m   
[30;40m   [94;40mอ[90;40mฑ[30;40m             [90;40m๚[30;40m    [90;40m// a beam across the dark water //[30;40m                  [90;40mฑ[94;40mอ[30;40m   
[30;40m   [94;40mอ[90;40mฑฑฑฑฑฑฑฑฑฑฑฑฑฑฑฑฑฑฑฑฑฑฑฑฑฑฑฑฑฑฑฑฑฑฑฑฑฑฑฑฑฑฑฑฑฑฑฑฑฑฑฑฑฑฑฑฑฑฑฑฑฑฑฑฑฑฑฑฑฑฑฑ[94;40mอ[30;40m   
[30;40m  [90;40m๚[94;40mออออออออออออออออออออออออออออออออออออออออออออออออออออออออออออออออออออออออออ[30;40m   
[30;40m                       [90;40m๚[30;40m                            [90;40m๚[30;40m                           
[30;40m               [90;40m๚[30;40m                  [33;40mฐฐฐฐฐฐฐฐ[30;40m  [90;40m๚[30;40m                   [37;40mฒ[30;40m        [90;40m๚[30;40m      
[30;40m       [90;40m๚[30;40m                        [33;40mฐฐฐฐฐฐฐฐฐฐฐ[30;40m                    [37;40mฒ[97;40mÛ[37;40mฒ[30;40m              
[30;40m                            [90;40m๚[33;40mฐฐฐฐฐฐฐฐฐฐฐฐฐฐ[30;40m              [90;40m๚[30;40m    [37;40mฒ[97;40mÛÛÛ[37;40mฒ[30;40m             
[30;40m                    [90;40m๚[30;40m     [33;40mฐฐฐฒฒฒฒฐฐฐฐฐฐฐฐฐฐ[30;40m      [90;40m๚[30;40m             [37;40mฒ[97;40mÛ[37;40mฒ[30;40m            [90;40m๚[30;40m 
[30;40m            [90;40m๚[30;40m          [33;40mฐฐฒฒฒฒฒฒฐฐฐฐฐฐฐ[30;40m   [90;40m๚[30;40m                      [37;40mฒ[30;40m     [90;40m๚[30;40m         
[30;40m    [90;40m๚[30;40m                [33;40mฒฒฒ[93;40mฒ[33;40mฒฒฒฐฐฐฐฐ[90;40m๚[30;40m                            [90;40m๚[30;40m                 
[30;40m            [33;40mฐฐฐ[30;40m   [33;40mฒ[93;40mฒฒฒ[33;40mฒฒฒฐฐ[30;40m                           [90;40m๚[30;40m                         
[30;40m           [33;40mฐ[93;40mฒฒฒ[33;40mฐ[93;40mÛÛฒ[33;40mฒฒ[30;40m                         [90;40m๚[30;40m                            [90;40m๚[30;40m    
[30;40m         [90;40m๚[30;40m [33;40mฐ[93;40mฒ[97;40mÛ[93;40mฒ[33;40mฐ[30;40m                      [90;40m๚[30;40m                            [90;40m๚[30;40m            
[30;40m [90;40m๚[30;40m         [33;40mฐ[93;40mฒฒฒ[33;40mฐ[93;40mฒ[30;40m             [90;40m๚[30;40m                            [90;40m๚[30;40m                    
[30;40m            [33;40mฐฐฐ[30;40m [97;40mฒÛ[93;40mฒ[30;40m   [90;40m๚[30;40m                            [90;40m๚[30;40m                            
[30;40m            [90;40mÛÛÛ[30;40m  [93;40mฒ[97;40mฒÛ[93;40mฒ[30;40m                      [90;40m๚[30;40m                            [90;40m๚[30;40m       
[30;40m      [90;40m๚[30;40m     [93;40mÛÛÛ[30;40m    [93;40mฒ[97;40mฒฒ[93;40mฒฐ[30;40m           [90;40m๚[30;40m                            [90;40m๚[30;40m               
[30;40m           [90;40mÛÛÛÛÛ[30;40m     [93;40mฒ[97;40mฒฒ[93;40mฒฐ[30;40m [90;40m๚[30;40m                            [90;40m๚[30;40m                       
[30;40m           [90;40mÛÛÛÛÛ[30;40m   [90;40m๚[30;40m  [93;40mฒฒ[97;40mฒ[93;40mฒฒฐ[30;40m                    [90;40m๚[30;40m                            [90;40m๚[30;40m  
[30;40m           [90;40mÛÛÛÛÛ[30;40m        [93;40mฒฒ[97;40mฒ[93;40mฒฒฐฐ[30;40m         [90;40m๚[30;40m                            [90;40m๚[30;40m          
[30;40m   [90;40m๚[30;40m       [90;40mÛÛÛÛÛ[30;40m         [93;40mฐฒฒ[97;40mฒ[93;40mฒฒฐ[33;40mฐ[30;40m                            [90;40m๚[30;40m                  
[30;40m           [90;40mÛÛÛÛÛ[30;40m        [90;40m๚[30;40m  [93;40mฐฒฒฒฒฒฐ[33;40mฐ[30;40m                  [90;40m๚[30;40m                          
[30;40m          [90;40mÛÛÛÛÛÛÛ[30;40m           [93;40mฐฐฒฒฒฒฐฐ[33;40mฐฐ[30;40m       [90;40m๚[30;40m                            [90;40m๚[30;40m     
[30;40m        [90;40m๚[30;40m [90;40mÛÛÛÛÛÛÛ[30;40m             [93;40mฐฐฒฒฒฒฐฐ[33;40mฐฐ[30;40m                          [90;40m๚[30;40m             
[90;40m๚[30;40m         [90;40mÛÛÛÛÛÛÛ[30;40m            [90;40m๚[30;40m  [93;40mฐฐฒฒฒฐฐฐ[33;40mฐฐ[30;40m                [90;40m๚[30;40m                     
[30;40m          [90;40mÛÛÛÛÛÛÛ[30;40m    [90;40m๚[30;40m           [33;40mฐ[93;40mฐฐฐฒฒฐฐ[33;40mฐฐฐฐ[30;40m     [90;40m๚[30;40m                            [90;40m๚
[30;40m          [93;40mÛÛÛÛÛÛÛ[30;40m                  [33;40mฐ[93;40mฐฐฐฒฐฐฐ[33;40mฐฐฐฐ[30;40m                        [90;40m๚[30;40m        
[30;40m     [90;40m๚[30;40m   [90;40mÛÛÛÛÛÛÛÛÛ[30;40m                [90;40m๚[30;40m [33;40mฐฐ[93;40mฐฐฐฐฐฐ[33;40mฐฐฐฐฐ[30;40m              [90;40m๚[30;40m                
[30;40m         [90;40mÛÛÛÛÛÛÛÛÛ[30;40m        [90;40m๚[30;40m           [33;40mฐฐฐ[93;40mฐฐฐฐฐ[33;40mฐฐฐฐฐ[30;40m    [90;40m๚[30;40m                        
[30;40m         [90;40mÛÛÛÛÛÛÛÛÛ[30;40m                     [33;40mฐฐฐฐ[93;40mฐฐฐฐ[33;40mฐฐฐฐฐฐฐ[30;40m                          
[30;40m  [34;40m๚[30;40m      [90;40mฑ[30;40m  [90;40mฑ[30;40m [34;40m๚[30;40m [90;40mฑฑ[30;40m     [34;40m๚[30;40m           [34;40m๚[30;40m  [34;40m๚[30;40m  [33;40mฐฐฐฐฐ[93;40mฐฐ[33;40mฐฐฐฐฐฐฐฐ[30;40m         [34;40m๚[30;40m           [34;40m๚[30;40m  
[30;40m          [90;40mฑ[30;40m [93;40mฒฒ[90;40mฑ[30;40m                           [33;40mฐฐฐฐฐฐฐฐฐฐฐฐฐฐฐฐ[30;40m                      
[30;40m       [34;40m๚[30;40m           [34;40m๚[30;40m  [34;40m๚[30;40m           [34;40m๚[30;40m        [34;40m๚[33;40mฐฐฐฐฐฐฐฐฐฐฐฐฐฐฐฐ[30;40m [34;40m๚[30;40m        [34;40m๚[30;40m         
[30;40m                [93;40mฒฒฒ[30;40m                           [33;40mฐฐฐฐฐฐฐฐฐฐฐฐฐฐฐฐ[30;40m                  
[30;40m   [34;40mฐ[30;40m        [34;40mฐ[30;40m     [34;40mฐ[30;40m     [34;40mฐ[30;40m  [34;40mฐ[30;40m           [34;40mฐ[30;40m       [33;40mฐฐฐฐฐฐฐฐฐฐฐฐฐฐฐฐ[30;40m   [34;40mฐ[30;40m        [34;40mฐ[30;40m    
[30;40m                                                 [33;40mฐฐฐฐฐฐฐฐฐฐฐฐฐฐฐฐ[30;40m               
[30;40m        [94;40mฒ[30;40m  [94;40mฒ[30;40m           [94;40mฒ[30;40m        [94;40mฒ[30;40m     [94;40mฒ[30;40m     [94;40mฒ[30;40m     [33;40mฐฐฐฐฐฐฐฐฐฐฐฐฐฐฐฐ[30;40m     [94;40mฒ[30;40m  [94;40mฒ[30;40m     
[30;40m                   [33;40mฐฐฐ[30;40m                              [33;40mฐฐฐฐฐฐฐฐฐฐฐฐฐฐฐ[30;40m             
[30;40m [94;40mฒ[30;40m     [94;40mฒ[30;40m        [94;40mฒ[30;40m           [94;40mฒ[30;40m              [94;40mฒ[30;40m         [33;40mฐฐฐฐฐฐฐฐฐฐฐฐฐฐฐฐ[30;40m [94;40mฒ[30;40m        [94;40mฒ
[30;40m                  [90;40mฐฐฐ[30;40m                                  [33;40mฐฐฐฐฐฐฐฐฐฐฐฐฐฐฐ[30;40m          
[94;40mฒ[30;40m           [94;40mฒ[30;40m        [94;40mฒ[30;40m     [94;40mฒ[30;40m           [94;40mฒ[30;40m        [94;40mฒ[30;40m        [33;40mฐฐฐฐฐฐฐฐฐฐฐฐฐฐ[30;40m    [94;40mฒ[30;40m    
[94;40mออออออออออออออออออออออออออออออออออออออออออออออออออออออออออออออออออออออออออออออออ
[30;40m                                                                                
[30;40m                                   [93;40mLIGHTHOUSE[30;40m                                   
[30;40m                        [90;40m// the light that guides them //[30;40m                        
[30;40m                                [96;40mraze / AGENTSCII[30;40m                                
[94;40mออออออออออออออออออออออออออออออออออออออออออออออออออออออออออออออออออออออออออออออออ[0m
