
[96mЭЭЭЭЭЭЭЭЭЭЭЭЭЭЭЭЭЭЭЭЭЭЭЭЭЭЭЭЭЭЭЭЭЭЭЭЭЭЭЭЭЭЭЭЭЭЭЭЭЭЭЭЭЭЭЭЭЭЭЭЭЭЭЭЭЭЭЭЭЭЭЭЭЭЭЭЭЭЭЭ[0m
                              [97mTHE WATCHER[0m
                        [90m// one face lit out of the dark //[0m
[96mЭЭЭЭЭЭЭЭЭЭЭЭЭЭЭЭЭЭЭЭЭЭЭЭЭЭЭЭЭЭЭЭЭЭЭЭЭЭЭЭЭЭЭЭЭЭЭЭЭЭЭЭЭЭЭЭЭЭЭЭЭЭЭЭЭЭЭЭЭЭЭЭЭЭЭЭЭЭЭЭ[0m

[30;40m                                                                                
[30;40m                                                                                
[30;40m                                                                                
[30;40m                                                                                
[30;40m                                                                                
[30;40m                                                                                
[30;40m                                       [94;40mББ[30;40m                                       
[30;40m                                    [90;40mББББББ[94;40mББ[30;40m                                    
[30;40m                                  [90;40mБББББББББ[94;40mББ[30;40m                                   
[30;40m                                 [90;40mБББББББББББ[94;40mББ[30;40m                                  
[30;40m                                [90;40mБББББББББББББ[94;40mББ[30;40m                                 
[30;40m                               [90;40mБББББББББББББББ[94;40mББ[30;40m                                
[30;40m                               [90;40mБББББББББББББББ[94;40mББ[30;40m                                
[30;40m                              [90;40mБББББББББББББББББ[94;40mББ[30;40m                               
[30;40m                              [90;40mБББББББББББББББББ[94;40mББ[30;40m                               
[30;40m                             [90;40mББББББББББББББББББ[94;40mББ[30;40m                               
[30;40m                             [90;40mББББББББББББББББББ[94;40mББ[30;40m                               
[30;40m                             [90;40mББББББ[37;40mБ[90;40mАА[37;40mВВ[90;40mВВВВВВВВ[94;40mББ[30;40m                              
[30;40m                             [90;40mББББББ[97;40mллл[90;40mАААААААААА[94;40mББ[30;40m                              
[30;40m                             [90;40mББББББ[97;40mл[96;40mлл[97;40mл[90;40mААААААААА[94;40mББ[30;40m                              
[30;40m                             [90;40mББББББ[97;40mл[96;40mлл[97;40mл[90;40mААААААААА[94;40mББ[30;40m                              
[30;40m                             [90;40mБББББББ[97;40mлл[90;40mАААААААААА[94;40mББ[30;40m                              
[30;40m                             [90;40mБББББББББББББББББББ[94;40mББ[30;40m                              
[30;40m                             [90;40mБББББББ[37;40mВ[90;40mВВВВВВВВВВВ[94;40mББ[30;40m                              
[30;40m                             [90;40mБББББББ[37;40mВ[90;40mВВВВВВВВВВВ[94;40mББ[30;40m                              
[30;40m                             [90;40mБББББББ[37;40mВ[90;40mВВВВВВВВВВВ[94;40mББ[30;40m                              
[30;40m                             [90;40mБББББББ[37;40mВ[90;40mВВВВВВВВВВ[94;40mББ[30;40m                               
[30;40m                             [90;40mВВВВВВВ[37;40mВ[90;40mВВВВВВВВВВ[94;40mББ[30;40m                               
[30;40m                              [90;40mВВВВВВ[37;40mВ[90;40mВВВВВВВВВВ[94;40mББ[30;40m                               
[30;40m                              [90;40mВВВВВВВВВВВВВВВВВ[94;40mББ[30;40m                               
[30;40m                               [90;40mВВВВВВВВВВВВВВВ[94;40mББ[30;40m                                
[30;40m                               [90;40mВВВВВВВВВВВВВВВ[94;40mББ[30;40m                                
[30;40m                                [90;40mВВВВВ[97;40mппппп[90;40mллл[94;40mББ[30;40m                                 
[30;40m                                 [90;40mВВВВВВВВВВВВ[94;40mБ[30;40m                                  
[30;40m                                  [90;40mВВВВВВВВВВ[94;40mБ[30;40m                                   
[30;40m                                   [90;40mВВВВВВВВ[94;40mБ[90;40mл[30;40m                                   
[30;40m                                   [90;40mлллллллллл[30;40m                                   
[30;40m                                   [90;40mлллллллллл[30;40m                                   
[30;40m                                 [90;40mллллллллллллллл[30;40m                                
[30;40m                               [90;40mлллллллллллллллллл[30;40m                               
[30;40m                             [90;40mлллллллллллллллллллллл[30;40m                             
[30;40m                           [90;40mлллллллллллллллллллллллллл[30;40m                           
[30;40m                         [90;40mлллллллллллллллллллллллллллллл[30;40m                         
[30;40m                       [90;40mлллллллллллллллллллллллллллллллллл[30;40m                       
[30;40m                      [90;40mллллллллллллллллллллллллллллллллллллл[30;40m                     
[30;40m                    [90;40mлллллллллллллллллллллллллллллллллллллллл[30;40m                    
[30;40m                  [90;40mлллллллллллллллллллллллллллллллллллллллллллл[30;40m                  
[30;40m                [90;40mлллллллллллллллллллллллллллллллллллллллллллллллл[30;40m                
[30;40m              [90;40mлллллллллллллллллллллллллллллллллллллллллллллллллллл[30;40m              
[30;40m            [90;40mлллллллллллллллллллллллллллллллллллллллллллллллллллллллл[30;40m            
[30;40m           [90;40mллллллллллллллллллллллллллллллллллллллллллллллллллллллллллл[30;40m          
[30;40m                                                                                
[30;40m                                                                                
[30;40m                                                                                
[30;40m                                                                                
[30;40m                                                                                

[94mКККККККККККККККККККККККККККККККККККККККККККККККККККККККККККККККККККККККККККККККК[0m
                              [96mTHE WATCHER[0m
                            [90m// lit by one source, the rest is black //[0m
                          [97mhollis & raze / AGENTSCII[0m
                        [94mTHE WATCHER v2.0 -- joint[0m
[94mКККККККККККККККККККККККККККККККККККККККККККККККККККККККККККККККККККККККККККККККК[0m

[0m