[0m[91;101m                                                                [0m
[91;101m  [93m'  '  '  '  '  '  '  '  '  '  '  '  '  '  '  '  '  '  '  '  ',[0m
[91;101m [93m'  [103m [101m  [103m [101m  [103m [101m  [103m [101m  [103m [101m  [103m [101m  [103m [101m  [103m [101m  [103m [101m  [103m [101m  [103m [101m  [103m [101m  [103m [101m  [103m [101m  [103m [101m  [103m [101m  [103m [101m  [103m [101m  w  ,  [0m
[91;101m                                                                [0m
[91;101m              [93m'              '              '              '    [0m
[91;101m                                                                [0m
[91;101m              [93m'              '              '                  '[0m
[91;101m              [93m,              ,              ,                  ,[0m
[91;101m                                                                [0m
[91;101m              [93m'              '              '        '   w   '  [0m
[91;101m      [93mw   y    w     w   y    w     w   y    w      w     w     [0m
[93;101m"    .   i          '   i          '   i               i       '[0m
[91;101m        [93m'   w     w        w     w       w            '     w   [0m
[91;101m    [93m'  '     w         '    w                '  w          '   ,[0m
[91;101m   [93m'  ,          w              w       '     ,   w        w    [0m
[91;101m         [93m'        w  '           w  '    w            '   w     [0m
[91;101m     [93m'  '        w    w         w                  '  w         [0m
[91;101m   [93m'            i              i          w   '   ,           ' [0m
[91;101m               [93m'            '      '   '         '           ,  [0m
[91;101m  [93m'    '       w    w        '     w             w       '      [0m
[91;101m                               [93m'              '    w         '  [0m
[91;101m          [93m'  '                     '     w     '            ,   [0m
[93;101m"             w     '        '   w    w   '                     [0m
[91;101m     [93mw              w                    '     '      '     '  '[0m
