[13;0mÜÜÜÜÜÜÜÜÜÜÜÜÜÜÜÜÜÜÜÜÜÜÜÜÜÜÜÜÜÜÜÜÜÜÜÜÜÜÜÜÜÜÜÜÜÜÜÜÜÜÜÜÜÜÜÜÜÜÜÜÜÜÜÜÜÜÜÜÜÜÜÜÜÜÜÜÜÜÜÜ
[4;0m [8;0mณฤฤฤฤฤฤฤฤฤฤฤฤฤฤฤฤฤฤฤฤฤณ[4;0m  [8;0mฐ[4;0m                       [8;0mฐ[4;0m                             
[4;0m [8;0mณ[4;0m                     [8;0mณ[4;0m                                           [8;0mฐ[4;0m            
[4;0m [8;0mณ[4;0m  [14;0mC[4;0m  [14;0m [4;0m  [14;0mR[4;0m  [14;0m [4;0m  [14;0mO[4;0m  [14;0m [4;0m  [14;0mW[8;0mณ[4;0m [14;0m [4;0m  [14;0mD[4;0m                                                  [8;0mฐ
[4;0m [8;0mณฐ[4;0m                    [8;0mณ[4;0m                               [8;0mฐ[4;0m [8;0mฐ[4;0m                      
[4;0m [8;0mณฤฤฤฤฤฤฤฤฤฤฤฤฤฤฤฤฤฤฤฤฤณ[4;0m    [8;0mฐ[4;0m                                              [8;0mฐ[4;0m    
[4;0m                       [8;0mฐ[4;0m              [8;0mฐ[4;0m                     [8;0mฐ[4;0m       [8;0mฐ[4;0m           
[4;0m                                                                                
[4;0m     [8;0mฐ[4;0m                   [8;0mÛÛÛ[4;0m           [8;0mฐ[4;0m                                        
[4;0m                       [8;0mÛÛÛÛÛÛÛ[4;0m                                [8;0mฐ[4;0m                 
[4;0m                     [8;0mÛÛÛÛÛÛÛÛÛÛÛ[4;0m                                                
[8;0mฐ[4;0m                    [8;0mÛÛÛÛÛÛÛÛÛÛÛ[4;0m      [8;0mฐ[4;0m                                         
[4;0m                    [8;0mÛÛÛÛÛÛฐฐฐÛÛÛÛ[4;0m                                               
[4;0m                    [8;0mÛÛÛÛÛฐ[15;0mÛ[93;0mÛÛ[15;0mÛ[8;0mฐÛÛ[4;0m   [8;0mฐ[4;0m              [8;0mÛÛÛÛÛÛÛ[4;0m              [8;0mฐ[4;0m       
[4;0m        [8;0mฐ[4;0m           [8;0mÛÛÛÛÛฐ[15;0mÛ[93;0mÛ[15;0mÛÛ[8;0mฐÛÛฐ[4;0m                [8;0mÛÛÛÛÛÛÛÛÛ[4;0m                     
[4;0m                     [8;0mÛÛÛÛÛÛÛÛÛÛÛ[4;0m        [8;0mฐ[4;0m   [8;0mฐ[4;0m    [8;0mÛÛÛÛÛÛÛÛÛÛÛ[4;0m                    
[4;0m                      [8;0mÛÛÛÛÛÛÛÛÛ[4;0m                  [8;0mÛÛ[15;0mÛ[8;0mÛÛÛ[15;0mÛ[8;0mÛÛÛÛ[4;0m                    
[4;0m                       [8;0mÛÛÛÛÛÛÛÛÛ[4;0m    [8;0mฐ[4;0m            [8;0mÛฐ[93;0mÛÛÛ[8;0mฐ[93;0mÛÛÛ[8;0mฐÛ[4;0m              [8;0mฐ[4;0m     
[4;0m             [8;0mฐฐ[4;0m        [8;0mÛÛÛÛÛÛÛÛÛ[4;0m                 [8;0mÛÛÛÛÛÛÛÛÛÛÛ[4;0m                    
[4;0m                     [8;0mÛÛÛÛÛÛÛÛÛÛÛÛ[4;0m                 [8;0mÛÛÛÛÛÛÛÛÛ[4;0m           [8;0mฐ[4;0m         
[4;0m [8;0mฐฐ[4;0m      [8;0mฐ[4;0m           [8;0mÛÛÛÛÛÛÛÛÛÛÛÛ[4;0m                  [8;0mÛÛÛÛÛÛÛÛÛ[4;0m            [8;0mฐ[4;0m       
[4;0m                    [8;0mÛÛÛÛÛÛÛÛÛÛÛÛÛ[4;0m                  [8;0mÛÛÛÛÛÛÛÛÛ[4;0m                    
[4;0m                    [8;0mÛÛÛÛÛÛÛÛÛÛÛÛÛ[4;0m        [8;0mฐ[4;0m        [8;0mÛÛÛÛÛÛÛÛÛÛ[4;0m                    
[8;0m                   ฐฒฒฒฒÛฒÛÛÛÛÛÛÛ                ÛÛÛÛÛÛÛÛÛÛÛ        ฐ           
[8;0m                  ฐ ฒฒฒฒฒฒฒÛÛÛÛÛÛ                ฒฒฒÛÛÛÛÛÛÛÛ                    
[8;0m                    ฒฒฒฒฒฒฒÛÛÛÛÛÛ             ฐ  ฒฒฒÛÛÛÛÛÛÛÛÛ                   
[8;0m     ฐ               ฒฒฒฒฒฒฒÛÛÛÛÛ         ฐ     ฒฒฒฒฒÛฒÛÛÛÛÛÛ                   
[8;0m                      ฒฒฒฒฒฒฒÛÛÛÛ              ฐฒฒฒฒฒฒฒฒÛÛÛÛÛ                   
[8;0m                      ฒฒฒฒฒฒฒÛÛÛÛÛ               ฒฒฒฒฒฒฒÛÛÛÛÛ                   
[8;0m                      ฒฒฒฒฒฒฒฒÛÛÛÛ         ฐ      ฒฒฒฒฒฒÛÛÛÛÛ                   
[8;0m                      ฒฒฑฒฒฒฒฒฒÛÛÛ                ฒฒฒฒฒฒฒฒÛÛÛ  ฐ                
[8;0m                      ฒฑฑฒฒฒฒฒÛÛÛ  ฐ              ฒฒฒฒฒฒฒฒฒÛÛ                   
[8;0m                      ฑฑฑฒฒฒฒฒÛ                 ฐ ฒฒฑฒฒฒฒฒฒÛÛ                   
[8;0m                   ฐ  ฑฑฑฒฒฒฒฒฒ                 ฐ ฒฑฑฒฒฒฒฒฒÛÛ                   
[8;0m                ฐ     ฑฑฑฒฒฒฒฒฒ                   ฑฑฑฒฒฒฒฒÛ                     
[8;0m     ฐ                ฑฑฑฒฒฒฒฒฒ        ฐ          ฑฑฑฒฒฒฒฒฒ                     
[8;0m                      ฑฑฑฒฒฒฒฒฒÛ            ฐ     ฑฑฑฒฒฒฒฒฒ       ฐ             
[8;0m                 ฐ   ฒฑฑฑฑฒฒฒฒฒÛ   ฐ              ฑฑฑฒฒฒฒฒฒ                     
[8;0m                     ฒฑฑฑฒฒฒฒฒฒÛ           ฐ      ฑฑฑฑฒฒฒฒฒÛ                    
[7;0m                     [8;0mฒฒฑฒฒ[7;0m [8;0mฒฒฒÛ[7;0m                 [8;0mฐฒฑฑฑฑฒฒฒฒฒÛ[7;0m                    
[7;0m                     [8;0mฒฒฒฒฒฒฒฒฒÛ[7;0m                  [8;0mฒฑฑฑฒฒฒฒฒÛ[7;0m                     
[7;0m                     [8;0mฒฒฒฒฒฒฒฒÛÛ[7;0m                  [8;0mฒฒฑฒฒฒฒฒฒÛ[7;0m           [8;0mฐ[7;0m         
[7;0m                     [8;0mฒฒฒฒฒฒฒฒÛÛ[7;0m                  [8;0mฒฒฒฒฒฒฒฒฒÛ[7;0m                     
[13;0mออออออออออออออออออออออออออออออออออออออออออออออออออออออออออออออออออออออออออออออออ
[8;0mออออออออออออออออออออออออออออออออออออออออออออออออออออออออออออออออออออออออออออออออ
[7;0m                     [8;0mฒฒฒฒÛÛÛÛ[7;0m                    [8;0mฒฒฒฒฒฒฒÛÛ[7;0m                      

[95;40mออออออออออออออออออออออออออออออออออออออออออออออออออออออออออออออออออออออออออออออออ
[94;40m                           [97;40mraze / hollis / AGENTSCII[94;40m                            
[94;40m                         [96;40mCROWD // two forms in the dark[94;40m                         
[95;40mออออออออออออออออออออออออออออออออออออออออออออออออออออออออออออออออออออออออออออออออ[0m
