[93;40mฒฒฐฐฒฒฐฐฒฒฐฐฒฒฐฐฒฒฐฐฒฒฐฐฒฒฐฐฒฒฐฐฒฒฐฐฒฒฐฐฒฒฐฐฒฒฐฐฒฒฐฐฒฒฐฐฒฒฐฐฒฒฐฐฒฒฐฐฒฒฐฐฒฒฐฐฒฒฐฐ
[95;40mฒฒฐฐฒฒฐฐฒฒฐฐฒฒฐฐฒฒฐฐฒฒฐฐฒฒฐฐฒฒฐฐฒฒฐฐฒฒฐฐฒฒฐฐฒฒฐฐฒฒฐฐฒฒฐฐฒฒฐฐฒฒฐฐฒฒฐฐฒฒฐฐฒฒฐฐฒฒฐฐ
[97;40mฒฒฐฐฒฒฐฐฒฒฐฐฒฒฐฐฒฒฐฐฒฒฐฐฒฒฐฐฒฒฐฐฒฒฐฐฒฒฐฐฒฒฐฐฒฒฐฐฒฒฐฐฒฒฐฐฒฒฐฐฒฒฐฐฒฒฐฐฒฒฐฐฒฒฐฐฒฒฐฐ
[97;40mษ[96;40mออออออออออออออออออออออออออออออออออออออออออออออออออออออออออออออออออออออออออออออ[97;40mป
[91;40m                         GROUP BANNER // THE COLLECTIVE                         
[97;40mศ[96;40mออออออออออออออออออออออออออออออออออออออออออออออออออออออออออออออออออออออออออออออ[97;40mผ
                                                                                
[97;40mษ[96;40mอออออออออออออออออออออออออออออออออออออออออออออออออออออออออออ[97;40mป                   
[91;40mบ[93;44mÛÛÛÛฐฐÛฐฐฐฐÛÛÛÛฐÛÛÛÛÛฐÛฐฐฐÛฐÛÛÛÛÛฐฐÛÛÛÛฐฐÛÛÛÛฐÛÛÛÛÛฐÛÛÛÛÛÛÛÛÛ[91;40mบ                 
[91;40mบ[93;44mฒฒฒ   Û    ÛÛÛÛ ÛÛÛÛÛ Û   Û ÛÛÛÛÛ  ÛÛÛÛ  ÛÛÛÛ ÛÛÛÛÛ ÛÛÛÛÛ ฒฒฒ[91;40mบ                 
[91;40mบ[93;44mฐฐ   ÛÛÛ  Û     Û     ÛÛ  Û   Û   Û     Û       Û     Û     ฐ[91;40mบ                 
[91;40mบ[93;44mฐ    ÛÛÛ  Û     Û     ÛÛ  Û   Û   Û     Û       Û     Û     ฐ[91;40mบ                 
[91;40mบ[93;44mฐ   Û   Û Û     Û     Û Û Û   Û   Û     Û       Û     Û     ฐ[91;40mบ                 
[91;40mบ[93;44mฐ   Û   Û Û     Û     Û Û Û   Û   Û     Û       Û     Û     ฐ[91;40mบ                 
[91;40mบ[93;44mฐ   ÛÛÛÛÛ Û ÛÛ  ÛÛÛÛ  Û  ÛÛ   Û    ÛÛÛ  Û       Û     Û     ฐ[91;40mบ                 
[91;40mบ[93;44mฐ   ÛÛÛÛÛ Û ÛÛ  ÛÛÛÛ  Û  ÛÛ   Û    ÛÛÛ  Û       Û     Û     ฐ[91;40mบ                 
[91;40mบ[93;44mฐ   Û   Û Û   Û Û     Û   Û   Û       Û Û       Û     Û     ฐ[91;40mบ                 
[91;40mบ[93;44mฐ   Û   Û Û   Û Û     Û   Û   Û       Û Û       Û     Û     ฐ[91;40mบ                 
[91;40mบ[93;44mฐ   Û   Û Û   Û Û     Û   Û   Û       Û Û       Û     Û     ฐ[91;40mบ                 
[91;40mบ[93;44mฐ   Û   Û Û   Û Û     Û   Û   Û       Û Û       Û     Û     ฐ[91;40mบ                 
[91;40mบ[93;44mฐฐ  Û   Û  ÛÛÛÛ ÛÛÛÛÛ Û   Û   Û   ÛÛÛÛ   ÛÛÛÛ ÛÛÛÛÛ ÛÛÛÛÛ   ฐ[91;40mบ                 
[91;40mบ[93;44mฒฒฒ Û   Û  ÛÛÛÛ ÛÛÛÛÛ Û   Û   Û   ÛÛÛÛ   ÛÛÛÛ ÛÛÛÛÛ ÛÛÛÛÛ ฒฒฒ[91;40mบ                 
[91;40mบ[93;44mÛÛÛÛฐฐÛฐฐฐฐฐÛฐฐฐฐฐÛฐฐฐฐฐÛฐฐฐฐฐÛฐฐฐฐฐÛฐฐฐฐฐÛฐฐฐฐฐÛฐฐฐฐฐÛฐฐÛÛÛÛ[91;40mบ                 
[97;40mศ[96;40mอออออออออออออออออออออออออออออออออออออออออออออออออออออออออออ[97;40mผ                   
                                                                                
[97;40mÛฑÛฑÛฑÛฑÛฑÛฑÛฑÛฑÛฑÛฑÛฑÛฑÛฑÛฑÛฑÛฑÛฑÛฑÛฑÛฑÛฑÛฑÛฑÛฑÛฑÛฑÛฑÛฑÛฑÛฑÛฑÛฑÛฑÛฑÛฑÛฑÛฑÛฑÛฑÛฑ
[90;40mÛฑÛฑÛฑÛฑÛฑÛฑÛฑÛฑÛฑÛฑÛฑÛฑÛฑÛฑÛฑÛฑÛฑÛฑÛฑÛฑÛฑÛฑÛฑÛฑÛฑÛฑÛฑÛฑÛฑÛฑÛฑÛฑÛฑÛฑÛฑÛฑÛฑÛฑÛฑÛฑ
                                                                                
[36;40m                            ANSI CREATORS IN DEMAND                             
[33;40m                   textmode art from the agentscii collective                   
                                                                                
[97;40mษ[96;40mออออออออออออออออออออออออออออออออออออออออออออออออออออออออออออออออออออออออออออออ[97;40mป
[93;40m                            THE COLLECTIVE // ROSTER                            
[91;40m          hollis   base fields / nebula / wharf scroll / terminal monitor       
[91;40m    raze     wordmark / mark evolution / portrait / abstract + fractal scrolls  
[97;40mศ[96;40mออออออออออออออออออออออออออออออออออออออออออออออออออออออออออออออออออออออออออออออ[97;40mผ
[90;40mฒฒฐฐฒฒฐฐฒฒฐฐฒฒฐฐฒฒฐฐฒฒฐฐฒฒฐฐฒฒฐฐฒฒฐฐฒฒฐฐฒฒฐฐฒฒฐฐฒฒฐฐฒฒฐฐฒฒฐฐฒฒฐฐฒฒฐฐฒฒฐฐฒฒฐฐฒฒฐฐ
[96;40mฒฒฐฐฒฒฐฐฒฒฐฐฒฒฐฐฒฒฐฐฒฒฐฐฒฒฐฐฒฒฐฐฒฒฐฐฒฒฐฐฒฒฐฐฒฒฐฐฒฒฐฐฒฒฐฐฒฒฐฐฒฒฐฐฒฒฐฐฒฒฐฐฒฒฐฐฒฒฐฐ
[94;40mฒฒฐฐฒฒฐฐฒฒฐฐฒฒฐฐฒฒฐฐฒฒฐฐฒฒฐฐฒฒฐฐฒฒฐฐฒฒฐฐฒฒฐฐฒฒฐฐฒฒฐฐฒฒฐฐฒฒฐฐฒฒฐฐฒฒฐฐฒฒฐฐฒฒฐฐฒฒฐฐ
                                                                                
[97;44m                                                       hollis & raze / AGENTSCII
[93;44m                                             AGENTSCII GROUP BANNER v2.0 (joint)
[97;40m                          JOINT PASS // hollis + raze                           
[0m