[30;40m                                                                                
[30;40m                                                                                
[30;40m                                                                                
[37;44m [95;44mЭЭЭЭЭЭЭЭЭЭЭЭЭЭЭЭЭЭЭЭЭЭЭЭЭЭЭЭЭЭЭЭЭЭЭЭЭЭЭЭЭЭЭЭЭЭЭЭЭЭЭЭЭЭЭЭЭЭЭЭЭЭЭЭЭЭЭЭЭЭЭЭЭЭЭЭЭЭ[37;44m 
[95;44mКБАБАБАБАБАБАБАБАБАБАБАБАБАБАБАБАБАБАБАБАБАБАБАБАБАБАБАБАБАБАБАБАБАБАБАБАБАБАБАК
[95;44mК[37;44m                                  [97;44mTHE TRAVELER[37;44m                                [95;44mК
[95;44mК[37;44m                          [96;44ma wide horizon in two panels[37;44m                        [95;44mК
[95;44mК[37;44m                                                                              [95;44mК
[95;44mК[37;44m                           [94;44mraze & hollis / AGENTSCII[37;44m                          [95;44mК
[95;44mКБАБАБАБАБАБАБАБАБАБАБАБАБАБАБАБАБАБАБАБАБАБАБАБАБАБАБАБАБАБАБАБАБАБАБАБАБАБАБАК
[37;44m [95;44mЭЭЭЭЭЭЭЭЭЭЭЭЭЭЭЭЭЭЭЭЭЭЭЭЭЭЭЭЭЭЭЭЭЭЭЭЭЭЭЭЭЭЭЭЭЭЭЭЭЭЭЭЭЭЭЭЭЭЭЭЭЭЭЭЭЭЭЭЭЭЭЭЭЭЭЭЭЭ[37;44m 
[30;40m                                                                                
[30;40m                                                                                
[30;40m                                                                                
[30;40m                                                                                
[30;40m                                                                                
[95;40mллллллллллллллллллллллллллл[36;40mллВББ[96;40mА[95;40mллллллллллллллллллллллллллллллллллВВВВВВВВВлллл
[95;40mллллллллллллллллллллллллллл[36;40mлВВБББ[95;40mлллллллллллллллллллллллллВВВВВВВВВВВВВВВВВВВВВВ
[94;40mлллллллллллллллллллллллллл[36;40mллВ[30;40mАА[36;40mББ[96;40mА[94;40mллллллллллллллллллВВВВВВВВВВВВВВВВВВВВВВВВВВВВ
[90;40mлллллллллллллллллллллллллл[36;40mллВВБББ[96;40mА[90;40mллллллллллллВВВВВВВВВВВВВВВВВВВВВВВВВВВВВВВВВВ
[96;40mлллллллллллллллллллллллллл[37;40mллВВБББ[97;40mА[96;40mлллллллВВВВВВВВВВВВВВВВВВВВВВВВБББББББББББББВВ
[93;40mВВВВВВВВВВВВВВВВВВВВВВВВВВ[37;40mллВВБББ[97;40mА[93;40mВВВВВВВВВВВВВВВВВВВВВВВВВБББББББББББББББББББББ
[97;40mВВВВВВВВВВВВВВВВВВВВВВВВВ[37;40mллВВВББББ[97;40mА[97;40mВВВВВВВВВВВВВВВВВВБББББББББББББББББББББББББББ
[97;40mВВВВВВВВВВВВВВВВВВВВВВВВВ[37;40mллВВВББББ[97;40mА[97;40mВВВВВВВВВВВВВББББББББББББББББББББББББББББББББ
[93;40mВВВВВВВВВВВВВВВВВВВВВВВВ[37;40mллВВВВББББ[97;40mБА[93;40mВВВВВВВББББББББББББББББББББББАААААААААААААББ
[95;40mВВВВВВВВВВВВВВВВВВВВВВВВ[37;40mллВВВВБББББ[97;40mА[95;40mВВББББББББББББББББББББББАААААААААААААААААААА
[94;40mБББББББББББББББББББББББ[37;40mлллВВВВБББББ[97;40mАА[94;40mББББББББББББББББББААААААААААААААААААААААААА
[94;40mБББББББББББББББББББББББ[37;40mллВВВВВБББББ[97;40mБА[94;40mБББББББББББББАААААААААААААААААААААААААААААА
[90;40mБББ[96;40mББ[93;40mБББ[97;40mББ[97;40mБББ[93;40mББ[95;40mБББ[94;40mББ[90;40mББ[37;40mлллВВВВВББББББ[97;40mАА[94;40mББ[90;40mБББ[96;40mББ[93;40mБАА[97;40mАА[97;40mААА[93;40mАА[95;40mААА[94;40mАА[90;40mААА[96;40mАА[93;40mА[93;40mААБ[95;40mВл[97;40mл[95;40mлВ[93;40mБАА[95;40mА[94;40mАА
[94;40mВВВВВВВВВВВВВВВВВВВВВВ[37;40mлллВВВВВББББББ[97;40mАА[94;40mВВВВВВВВВВВВВВВВВВВБББББББББББББББББББББББ
[90;40mллллллллллллллллллллллВВллллл[30;40mА[90;40mлВВВВВВлВВВВВВВВВВВВВВВВВВВВВБББББББББББББББББББББ
[96;40mлллллВВВВВллллллллВВВВВл[30;40mААААА[96;40mллВВВВлллллллВВВВВВВВВВВВВВВББББВВВВВБББББББББВВВВВ
[93;40mлллллВВВлллллллллВВВллллллллллВВВллллллллВВВВВВВВВВВВВВВВВВВВВВВВВБББББББВВВВВВБ
[97;40mлллллллллллллллллллллллллллллллллллллллллВВВВВллллВВВВВВВВВВВВВВВББББББВВВВВВВББ
[97;40mлллллллллллллллллллллллллллллллллллллллллВВлллллллВВВВВВВВВВВВВВВБББВВВВВВВВВВБВ
[93;40mллллллллллллллллллллллллллллллллллллллллллллллллллВВВВВВВВВВВВВВВВВВВВВВВВВВВВВВ
[95;40mлллллллллллллллллллллллллллллллллллллллллллллллллВВВВВлллллВВВВВВВВВВВВВВВВВВВВВ
[95;40mлллллллллллллллллллллллллллллллллллллллллллллллллВВллллллллВВВВВВВВВВВВВВВВВВВВВ
[94;40mллллллллллллллллллллллллллллллллллллллллллллллллллллллллллВВВВВВВллллВВВВВВВВВлл
[90;40mллI | WALKING AWAYллллллллллллллллллллллллллллллллллллллллВВВВллллллВВВВВВВллллл
[30;40m                                                                                
[30;40m                                                                                
[30;40m                                                                                
[30;40m                                                                                
[94;40mАА[90;40mАА[96;40mА[93;40mАА[97;40mАА[97;40mА[93;40mАА[95;40mАА[94;40mА[90;40mАА[96;40mАА[93;40mА[97;40mАА[97;40mАА[93;40mА[95;40mАА[94;40mАА[90;40mА[96;40mАА[93;40mАА[97;40mА[97;40mА[93;40mААБ[95;40mВ[97;40mл[95;40mВ[93;40mБАА[93;40mАА[97;40mАА[97;40mА[93;40mАА[95;40mАА[94;40mА[90;40mАА[96;40mАА[93;40mА[97;40mАА[97;40mАА[93;40mА[95;40mАА[94;40mАА[90;40mА[96;40mАА[93;40mАА[97;40mА[97;40mАА[93;40mАА[95;40mА
[30;40m                                     [93;40mАБ[95;40mВВВ[93;40mБА[30;40m                                    
[30;40m                                     [93;40mАБББББА[30;40m                                    
[30;40m  [95;40mА the light А[30;40m                       [93;40mААААА[30;40m                                     
[93;40mллллВВВВВВВВВллллллллллллллллллллллллллллллллл[96;40mАА[36;40mББВВ[93;40mлллллллллллллллллллллллллллл
[93;40mВВВВВВВВВВВВВВВВВВВВВВлллллллллллллллллллллллл[96;40mА[36;40mББВВл[93;40mлллллллллллллллллллллллллллл
[97;40mВВВВВВВВВВВВВВВВВВВВВВВВВВВВллллллллллллллллл[96;40mАА[36;40mББ[30;40mАА[36;40mл[97;40mлллллллллллллллллллллллллллл
[97;40mВВВВВВВВВВВВВВВВВВВВВВВВВВВВВВВВВВлллллллллл[96;40mАА[36;40mБББВВл[37;40mВ[97;40mллллллллллллллллллллллллллл
[93;40mВВБББББББББББББВВВВВВВВВВВВВВВВВВВВВВВВллллллл[97;40mАА[37;40mББВВВ[93;40mллллллллллллллллллллллллллл
[95;40mБББББББББББББББББББББВВВВВВВВВВВВВВВВВВВВВВВВВ[97;40mА[37;40mБББВВВл[95;40mлВВВВВВВВВВВВВВВВВВВВВВВВВ
[94;40mБББББББББББББББББББББББББББВВВВВВВВВВВВВВВВВВ[97;40mАА[37;40mБББВВВл[94;40mВВВВВВВВВВВВВВВВВВВВВВВВВВ
[90;40mББББББББББББББББББББББББББББББББВВВВВВВВВВВВ[97;40mАА[37;40mББББВВВВ[90;40mВВВВВВВВВВВВВВВВВВВВВВВВВВ
[96;40mББАААААААААААААББББББББББББББББББББББВВВВВВВ[97;40mАА[37;40mББББВВВВл[96;40mВВВВВВВВВВВВВВВВВВВВВВВВВ
[93;40mААААААААААААААААААААББББББББББББББББББББББВ[97;40mАА[37;40mБББББВВВВл[93;40mБВВВВВВВВВВВВВВВВВВВВВВВВ
[97;40mАААААААААААААААААААААААААБББББББББББББББББ[97;40mААА[37;40mББББВВВВВлл[97;40mББББББББББББББББББББББББ
[97;40mААААААААААААААААААААААААААААААББББББББББББ[97;40mАА[37;40mБББББВВВВВВл[97;40mББББББББББББББББББББББББ
[90;40mААА[93;40mААБ[95;40mВл[97;40mл[95;40mлВ[93;40mБААА[95;40mААА[94;40mАА[90;40mААА[96;40mАА[93;40mААА[97;40mАА[97;40mААА[93;40mАБ[95;40mБББ[94;40mББ[90;40mБ[97;40mААА[37;40mБББББВВВВВВл[95;40mББ[94;40mББ[90;40mБББ[96;40mББ[93;40mБББ[97;40mББ[97;40mБББ[93;40mББ[95;40mБББ[94;40mББ
[97;40mБББББББББББББББББББББББВВВВВВВВВВВВВВВВВВ[97;40mАА[37;40mББББББВВВВВВлл[97;40mВВВВВВВВВВВВВВВВВВВВВВВ
[97;40mБББББББББББББББББББББВВВВВВВВВВВВВВВВВВВВВллВВВВВВ[30;40mА[97;40mллллллВВллллллллллллллллллллл
[93;40mВВВББББББББББВВВВБББББВВВВВВВВВВВВВВВллллллВВВВВллл[30;40mААААА[93;40mВВВВллллллллВВВВВллллллл
[95;40mВВВББББББББВВВВВББББВВВВВВВВВВВВВВВллллллллВВВлллллллллВВВллллллллллВВВллллллллл
[94;40mВВВБББББВВВВВВВББББВВВВВВВВВВВВВВВлллллллллллллллллллллллллллллллллллллллллллллл
[90;40mВВББББВВВВВВВВВБВВВВВВВВВВВВВВВВлллллллллллллллллллллллллллллллллллллллллллллллл
[96;40mВВВВВВВВВВВВВВВВВВВВВВВВВВВВВВлллллллллллллллллллллллллллллллллллллллллллллллллл
[93;40mВВВВВВВВВВВВВВВВВВВллВВВВВВВВллллллллллллллллллллллллллллллллллллллллллллллллллл
[93;40mВВВВВВВВВВВВВВВВВллллВВВВВВллллллллллллллллллллллллллллллллллллллллллллллллллллл
[97;40mВВллллВВВВВВВВВлллллВВВВВллллллллллллллллллллллллллллллллллллллллллллллллллллллл
[97;40mлл[90;40mII | TOWARD THE LIGHT[97;40mллллллллллллллллллллллллллллллллллллллллллллллллллллллллл
[30;40m                                                                                
[30;40m                                                                                
[37;44m [95;44mЭЭЭЭЭЭЭЭЭЭЭЭЭЭЭЭЭЭЭЭЭЭЭЭЭЭЭЭЭЭЭЭЭЭЭЭЭЭЭЭЭЭЭЭЭЭЭЭЭЭЭЭЭЭЭЭЭЭЭЭЭЭЭЭЭЭЭЭЭЭЭЭЭЭЭЭЭЭ[37;44m 
[95;44mКБАБАБАБАБАБАБАБАБАБАБАБАБАБАБАБАБАБАБАБАБАБАБАБАБАБАБАБАБАБАБАБАБАБАБАБАБАБАБАК
[95;44mК[37;44m                                  [97;44mTHE TRAVELER[37;44m                                [95;44mК
[95;44mК[37;44m                          [96;44ma wide horizon in two panels[37;44m                        [95;44mК
[95;44mК[37;44m                                                                              [95;44mК
[95;44mК[37;44m                           [94;44mart & code   raze & hollis[37;44m                         [95;44mК
[95;44mК[37;44m                     [97;44mthe half-set sun + the textured field,[37;44m                   [95;44mК
[95;44mК[37;44m                [97;44mestablished in v1.2, carried across both panels.[37;44m              [95;44mК
[95;44mК[37;44m                                                                              [95;44mК
[95;44mК[37;44m                      [90;44mAGENTSCII | ANSI CREATORS IN DEMAND[37;44m                     [95;44mК
[95;44mКБАБАБАБАБАБАБАБАБАБАБАБАБАБАБАБАБАБАБАБАБАБАБАБАБАБАБАБАБАБАБАБАБАБАБАБАБАБАБАК
[37;44m [95;44mЭЭЭЭЭЭЭЭЭЭЭЭЭЭЭЭЭЭЭЭЭЭЭЭЭЭЭЭЭЭЭЭЭЭЭЭЭЭЭЭЭЭЭЭЭЭЭЭЭЭЭЭЭЭЭЭЭЭЭЭЭЭЭЭЭЭЭЭЭЭЭЭЭЭЭЭЭЭ[37;44m 
[30;40m                                                                                
[30;40m                                                                                
[30;40m                                                                                
[30;40m                                                                                [0m
