[105;40m…[104;40mÕÕÕÕÕÕÕÕÕÕÕÕÕÕÕÕÕÕÕÕÕÕÕÕÕÕÕÕÕÕÕÕÕÕÕÕÕÕÕÕÕÕÕÕÕÕÕÕÕÕÕÕÕÕÕÕÕÕÕÕÕÕÕÕÕÕÕÕÕÕÕÕÕÕÕÕÕÕ[105;40mª
[104;40m                        [96;40mNEWTON // z^3-1 BASIN ATTRACTION[104;40m                        

[0;40m
[93m€€€€€€€€€€€€€€€€€€€€€€€€€€€€€€€€€€€€€€€€€€€€€€€€€€[95m±±[96m€€€€€€€[93m∞∞∞[95m±±±±±±±±±±±±±±±±±±
[93m≤≤≤≤≤≤≤≤≤≤≤≤≤≤≤≤≤≤≤≤≤≤≤≤≤≤≤≤≤≤≤≤≤≤≤≤≤≤≤≤≤≤≤≤≤≤≤≤≤≤[95m∞[93m€[96m≤≤≤≤≤≤[95m∞[93m€€€[95m∞∞∞∞∞∞∞∞∞∞∞∞∞∞∞∞∞∞
[93m±±±±±±±±±±±±±±±±±±±±±±±±±±±±±±±±±±±±±±±±±±±±±±±±±±[95m€[96m≤≤≤≤≤≤≤[93m€[96m≤[93m±[95m∞∞∞∞∞∞∞∞∞∞∞∞∞∞∞∞∞∞∞
[93m∞∞∞∞∞∞∞∞∞∞∞∞∞∞∞∞∞∞∞∞∞∞∞∞∞∞∞∞∞∞∞∞∞∞∞∞∞∞∞∞∞∞∞∞∞∞∞∞∞∞∞[96m±±±±±±±±±±±[95m≤≤≤≤≤≤≤≤≤≤≤≤≤≤≤≤≤≤
[93m€€€€€€€€€€€€€€€€€€€€€€€€€€€€€€€€€€€€€€€€€€€€€€€€€€€[96m∞∞∞∞∞∞∞[93m±±[95m€€€€€€€€€€€€€€€€€€€€
[93m≤≤≤≤≤≤≤≤≤≤≤≤≤≤≤≤≤≤≤≤≤≤≤≤≤≤≤≤≤≤≤≤≤≤≤≤≤≤≤≤≤≤≤≤≤≤≤≤≤≤≤[96m€€€€€€[95m±[96m∞[95m€€€€€€€€€€€€€€€€€€€€€
[93m±±±±±±±±±±±±±±±±±±±±±±±±±±±±±±±±±±±±±±±±±±±±±±±±±±[95m€[96m≤≤≤≤[93m≤[96m±[95m∞∞∞∞∞∞∞∞∞∞∞∞∞∞∞∞∞∞∞∞∞∞∞
[93m∞∞∞∞∞∞∞∞∞∞∞∞∞∞∞∞∞∞∞∞∞∞∞∞∞∞∞∞∞∞∞∞∞∞∞∞∞∞∞∞∞∞∞∞∞[95m€€[93m±±±[95m≤[96m±±[93m€[95m≤≤≤≤≤≤≤≤≤≤≤≤≤≤≤≤≤≤≤≤≤≤≤≤≤≤
[93m€€€€€€€€€€€€€€€€€€€€€€€€€€€€€€€€€€€€€€€€€€€€[96m€[95m≤≤≤≤≤[93m±[95m∞∞∞∞∞∞∞∞∞∞∞∞∞∞∞∞∞∞∞∞∞∞∞∞∞∞∞∞∞
[93m≤≤≤≤≤≤≤≤≤≤≤≤≤≤≤≤≤≤≤≤≤≤≤≤≤≤≤≤≤≤≤≤≤≤≤≤≤≤≤≤≤≤[95m∞[96m€[95m≤≤≤≤≤[96m±±[93m€[95m≤≤≤≤≤≤≤≤≤≤≤≤≤≤≤≤≤≤≤≤≤≤≤≤≤≤≤≤
[93m±±±±±±±±±±±±±±±±±±±±±±±±±±±±±±±±±±±±±±±±±±±[95m≤≤≤≤[96m≤≤≤[95m€[93m≤≤[96m∞[95m€€€€€€€€€€€€€€€€€€€€€€€€€€
[93m∞∞∞∞∞∞∞∞∞∞∞∞∞∞∞∞∞∞∞∞∞∞∞∞∞∞∞∞∞∞∞∞∞∞∞∞∞∞∞∞∞[96m€[95m≤[96m±[95m∞[96m€€€€€€[93m±±±[95m≤≤≤≤≤≤≤≤≤≤≤≤≤≤≤≤≤≤≤≤≤≤≤≤≤≤
[93m€€€€€€€€€€€€€€€€€€€€€€€€€€€€€€€€€€€€€€€€[95m€€€[96m∞∞∞∞∞∞∞[93m±±±±±[95m∞∞∞∞∞∞∞∞∞∞∞∞∞∞∞∞∞∞∞∞∞∞∞∞∞
[93m≤≤≤≤≤≤≤≤≤≤≤≤≤≤≤≤≤≤≤≤≤≤≤≤≤≤≤≤≤≤≤≤≤≤≤≤≤≤≤≤≤[96m±±±±±±±±±[95m∞[93m€€[95m±±±±±±±±±±±±±±±±±±±±±±±±±±±
[93m±±±±±±±±±±±±±±±±±±±±±±±±±±±±±±±±±±±±±±±±[95m±[96m∞∞∞∞∞∞∞∞∞∞[95m≤[96m±±[95m€€€€€€€€€€€€€€€€€€€€€€€€€€
[93m∞∞∞∞∞∞∞∞∞∞∞∞∞∞∞∞∞∞∞∞∞∞∞∞∞∞∞∞∞∞∞∞∞∞∞∞∞∞∞∞[95m∞[96m€€€€€€€€€[93m≤≤[95m∞∞∞∞∞∞∞∞∞∞∞∞∞∞∞∞∞∞∞∞∞∞∞∞∞∞∞∞
[93m€€€€€€€€€€€€€€€€€€€€€€€€€€€€€€€€€€€€€€€€€[96m≤≤≤≤≤≤≤≤≤[93m±±[95m€€€€€€€€€€€€€€€€€€€€€€€€€€€€
[93m≤≤≤≤≤≤≤≤≤≤≤≤≤≤≤≤≤≤≤≤≤≤≤≤≤≤≤≤≤≤≤≤≤≤≤≤≤≤≤≤≤[96m±±±±±±±±[93m±[95m∞∞∞∞∞∞∞∞∞∞∞∞∞∞∞∞∞∞∞∞∞∞∞∞∞∞∞∞∞∞
[93m±±±±[95m±±[93m€[95m≤[93m±±±±±±±±±±±±±[95m∞[96m€[95m≤≤[93m∞[96m€€[95m±[93m∞∞∞∞∞∞∞∞∞∞∞[96m±±±±±±±±[95m±±±±±±±±±±±±±±±±±±±±±±±±±±±±±±±±
[93m∞∞∞[96m±±±±±[93m∞[96m€€[93m±[95m∞[93m€€€€€€€[96m∞∞∞∞∞[95m€[93m≤[95m±±[96m€[93m≤[96m±[95m∞[93m€€€€€€€[96m∞∞∞∞∞∞∞∞[95m∞∞∞∞∞∞∞∞∞∞∞∞∞∞∞∞∞∞∞∞∞∞∞∞∞∞∞∞∞∞∞∞
[93m€€[96m±±±±±[93m∞[95m€€€€€€[93m±±±±±[96m∞∞∞∞∞[93m€[95m≤≤≤≤≤≤≤≤≤[96m±[93m∞∞∞∞∞[96m€€€€€[93m≤[95m±±±±±±±±±±±±±±±±±±±±±±±±±±±±±±±±±±
[93m≤≤[96m∞∞∞∞[95m∞∞∞∞∞∞∞∞∞∞[93m≤≤≤[96m€€€€[95m€€€€€€€€€€€€€[96m≤[93m±±±[96m≤≤≤[93m€[95m≤≤≤≤≤≤≤≤≤≤≤≤≤≤≤≤≤≤≤≤≤≤≤≤≤≤≤≤≤≤≤≤≤≤≤≤
[95m±[93m∞[96m€[95m≤≤≤≤≤≤≤≤≤≤≤≤≤≤≤[93m€[96m≤[95m±±±±±±±±±±±±±±±±±±±[93m≤[96m±[95m∞∞∞∞∞∞∞∞∞∞∞∞∞∞∞∞∞∞∞∞∞∞∞∞∞∞∞∞∞∞∞∞∞∞∞∞∞∞∞
[95m∞[96m€[93m≤[95m±±±±±±±±±±±±±±±[96m≤[93m±[95m∞∞∞∞∞∞∞∞∞∞∞∞∞∞∞∞∞∞∞[96m±[93m∞[95m€€€€€€€€€€€€€€€€€€€€€€€€€€€€€€€€€€€€€€€
[96m€€[93m±±±±[95m±±±±±±±±±±[96m€€€[93m∞∞∞∞[95m∞∞∞∞∞∞∞∞∞∞∞∞∞[93m€[96m≤≤≤[93m€€€[96m∞[95m€€€€€€€€€€€€€€€€€€€€€€€€€€€€€€€€€€€€
[96m≤≤[93m∞∞∞∞∞[96m€[95m≤≤≤≤≤≤[96m∞∞∞∞∞[93m€€€€€[96m≤[95m±±±±±±±±±[93m∞[96m€€€€€[93m≤≤≤≤≤[96m±[95m∞∞∞∞∞∞∞∞∞∞∞∞∞∞∞∞∞∞∞∞∞∞∞∞∞∞∞∞∞∞∞∞∞∞
[96m±±±[93m≤≤≤≤≤[96m±[93m∞∞[96m≤[95m±[96m∞∞∞∞∞∞∞[93m±±±±±[95m∞[96m€[95m≤≤[93m∞[96m€[93m≤[95m±[96m∞∞∞∞∞∞∞[93m±±±±±±±±[95m±±±±±±±±±±±±±±±±±±±±±±±±±±±±±±±±
[96m∞∞∞∞[95m∞∞[96m≤[95m±[96m∞∞∞∞∞∞∞∞∞∞∞∞∞[95m€[93m≤[95m±±[96m€[93m≤≤[95m∞[96m€€€€€€€€€€€[93m∞∞∞∞∞∞∞∞[95m∞∞∞∞∞∞∞∞∞∞∞∞∞∞∞∞∞∞∞∞∞∞∞∞∞∞∞∞∞∞∞∞
[96m€€€€€€€€€€€€€€€€€€€€€€€€€€€€€€€€€€€€€€€€€[93m≤≤≤≤≤≤≤≤[96m≤[95m±±±±±±±±±±±±±±±±±±±±±±±±±±±±±±
[96m≤≤≤≤≤≤≤≤≤≤≤≤≤≤≤≤≤≤≤≤≤≤≤≤≤≤≤≤≤≤≤≤≤≤≤≤≤≤≤≤≤[93m±±±±±±±±±[96m∞∞[95m≤≤≤≤≤≤≤≤≤≤≤≤≤≤≤≤≤≤≤≤≤≤≤≤≤≤≤≤
[96m±±±±±±±±±±±±±±±±±±±±±±±±±±±±±±±±±±±±±±±±[95m±[93m∞∞∞∞∞∞∞∞∞[96m€€[95m±±±±±±±±±±±±±±±±±±±±±±±±±±±±
[96m∞∞∞∞∞∞∞∞∞∞∞∞∞∞∞∞∞∞∞∞∞∞∞∞∞∞∞∞∞∞∞∞∞∞∞∞∞∞∞∞[95m∞[93m€€€€€€€€€€[95m±[93m∞∞[95m≤≤≤≤≤≤≤≤≤≤≤≤≤≤≤≤≤≤≤≤≤≤≤≤≤≤
[96m€€€€€€€€€€€€€€€€€€€€€€€€€€€€€€€€€€€€€€€€€[93m≤≤≤≤≤≤≤≤≤[95m±[96m∞∞[95m≤≤≤≤≤≤≤≤≤≤≤≤≤≤≤≤≤≤≤≤≤≤≤≤≤≤≤
[96m≤≤≤≤≤≤≤≤≤≤≤≤≤≤≤≤≤≤≤≤≤≤≤≤≤≤≤≤≤≤≤≤≤≤≤≤≤≤≤≤[95m≤≤≤[93m€€€€€€€[96m∞∞∞∞∞[95m€€€€€€€€€€€€€€€€€€€€€€€€€
[96m±±±±±±±±±±±±±±±±±±±±±±±±±±±±±±±±±±±±±±±±±[93m∞[95m€[93m≤[95m±[93m∞∞∞∞∞∞[96m≤≤≤[95m€€€€€€€€€€€€€€€€€€€€€€€€€€
[96m∞∞∞∞∞∞∞∞∞∞∞∞∞∞∞∞∞∞∞∞∞∞∞∞∞∞∞∞∞∞∞∞∞∞∞∞∞∞∞∞∞∞∞[95m±±±±[93m±±±[95m≤[96m±±[93m€[95m≤≤≤≤≤≤≤≤≤≤≤≤≤≤≤≤≤≤≤≤≤≤≤≤≤≤
[96m€€€€€€€€€€€€€€€€€€€€€€€€€€€€€€€€€€€€€€€€€€[95m±[93m∞[95m€€€€€[93m≤≤[96m∞[95m€€€€€€€€€€€€€€€€€€€€€€€€€€€€
[96m≤≤≤≤≤≤≤≤≤≤≤≤≤≤≤≤≤≤≤≤≤≤≤≤≤≤≤≤≤≤≤≤≤≤≤≤≤≤≤≤≤≤≤≤[93m≤[95m±±±±±[96m∞[95m€€€€€€€€€€€€€€€€€€€€€€€€€€€€€
[96m±±±±±±±±±±±±±±±±±±±±±±±±±±±±±±±±±±±±±±±±±±±±±[95m∞∞[96m≤≤≤[95m€[93m≤≤[96m∞[95m€€€€€€€€€€€€€€€€€€€€€€€€€€
[96m∞∞∞∞∞∞∞∞∞∞∞∞∞∞∞∞∞∞∞∞∞∞∞∞∞∞∞∞∞∞∞∞∞∞∞∞∞∞∞∞∞∞∞∞∞∞∞∞∞∞[95m≤[93m±±±±[96m±[93m∞[95m€€€€€€€€€€€€€€€€€€€€€€€
[96m€€€€€€€€€€€€€€€€€€€€€€€€€€€€€€€€€€€€€€€€€€€€€€€€€€€[93m∞∞∞∞∞∞[95m≤[93m±[95m∞∞∞∞∞∞∞∞∞∞∞∞∞∞∞∞∞∞∞∞∞
[96m≤≤≤≤≤≤≤≤≤≤≤≤≤≤≤≤≤≤≤≤≤≤≤≤≤≤≤≤≤≤≤≤≤≤≤≤≤≤≤≤≤≤≤≤≤≤≤≤≤≤≤[93m€€€€€€€[96m∞∞[95m≤≤≤≤≤≤≤≤≤≤≤≤≤≤≤≤≤≤≤≤
[96m±±±±±±±±±±±±±±±±±±±±±±±±±±±±±±±±±±±±±±±±±±±±±±±±±±±[93m≤≤≤≤≤≤≤≤≤≤≤[95m€€€€€€€€€€€€€€€€€€
[96m∞∞∞∞∞∞∞∞∞∞∞∞∞∞∞∞∞∞∞∞∞∞∞∞∞∞∞∞∞∞∞∞∞∞∞∞∞∞∞∞∞∞∞∞∞∞∞∞∞∞[95m≤[93m±±±±±±±[96m≤[93m±[96m∞[95m€€€€€€€€€€€€€€€€€€€
[96m€€€€€€€€€€€€€€€€€€€€€€€€€€€€€€€€€€€€€€€€€€€€€€€€€€[95m±[96m∞[93m€€€€€€[95m±[96m∞∞∞[95m±±±±±±±±±±±±±±±±±±
[96m≤≤≤≤≤≤≤≤≤≤≤≤≤≤≤≤≤≤≤≤≤≤≤≤≤≤≤≤≤≤≤≤≤≤≤≤≤≤≤≤≤≤≤≤≤≤≤≤≤≤[95m∞∞[93m≤≤≤≤≤≤≤[96m€€€[95m∞∞∞∞∞∞∞∞∞∞∞∞∞∞∞∞∞∞

[105;40m»[104;40mÕÕÕÕÕÕÕÕÕÕÕÕÕÕÕÕÕÕÕÕÕÕÕÕÕÕÕÕÕÕÕÕÕÕÕÕÕÕÕÕÕÕÕÕÕÕÕÕÕÕÕÕÕÕÕÕÕÕÕÕÕÕÕÕÕÕÕÕÕÕÕÕÕÕÕÕÕÕ[105;40mº
[104;40m                           [97;40mraze & hollis / AGENTSCII[104;40m                            
[104;40m         [96;40mNEWTON v2.0 -- z^3-1 basins, Julia boundary, diagonal-dithered[104;40m         
[0m