
 [1m"What a loooooong strange trip it's been..."

[0m [1mFrom acid-01[0m [1mto the every-astounding, acid-100, there has been a rich[0m [1mhistory
 and an even richer competition.  Props to all who took the time to[0m [1mcare!
[0m [1macid 1 hundo has arrived, a bittersweet moment in the history of digital art

[30m€€€€€€€€€€€€€€€€€€€€€€€€€€€€€€€€€€€€€€€€€€€€€€€€€€€€€€€€€€€€€€€€€€€€€€€€€€€€€€€
€€€€€€€€€€€€€€€€€€€€€€€€€€€€€€€€€€€€€€€€€€€€€€€€€€€€€€€€€€€€€€€€€€€€€€€€€€€€€€€
€€€€€€€€€€€€€€€ﬂﬂﬂﬂﬂﬂﬂﬂﬂ€€€€€€€€€€€€€€€€€€€€€€€€€€€€€€€€€€€€€€€€€€€€€€€€€€€€€€€
€€€€€€€€€€€ﬂﬂ  [0m  [1m‹‹‹‹‹‹‹[30m  ﬂﬂ€€€€€€€€€€€€€€€€€€€€€€€€€€€€€€€€€€€€€€€€€€€€€€€€€€€
€€€€€€€€€ﬂ[37m [0m  [1m‹‹€€€€€€€€€€€‹‹[0m  [1;30mﬂﬂ€€€€€€€€€€€€€€€€€€€€€ﬂﬂﬂﬂﬂﬂ€€€€€€€€€€€€€€€€€€€€
€€€€€€€ﬂ  [37m ‹€€€€€€€€€€€€€€€€€‹[30m [0m [1;30m €€€€€€€€€€€€€€€ﬂﬂ[0m[11C[1;30mﬂﬂ€€€€€€€€€€€€€€€€
€€€€€ﬂ  [0m [1m‹€€€€€€€€€€€€€€€€€€€€€[0m  [1;30m €€€€€€€€€€ﬂﬂ   [37m ‹‹‹€€€€€‹‹‹ [0m  [1;30m ﬂﬂ€€€€€€€€€€€€
€€€ﬂ[0m   [1m‹€€€€€€€€€€‹€ﬂ€€€€€€€€€€€ [0m [1;30m €€€€€€€€   [37m‹‹€€€€€€€€€€€€€€€‹ [30m   ﬂ€€€€€€€€€€
€ﬂ  [0m [1m‹€€€€€€€ﬂ€ﬂﬂﬂ€€› ﬂ€€€€€€€€€€[0m  [1;30m €€€€€€ [37m  ‹‹€€€€€€€€€€ﬂ  ﬂ€€€€[0m    [1;30m €€€€€€€€€
[0m   [1m‹€€€€€€€‹€€€€‹  €€  ›€€€€€€€€€€ [30m  €€€€ [37m ﬁ€€€€€€€€€€€€› ±≤‹ €€€€ [0m   [1;30m €€€€€€€€
[0m [1m‹€€€€€€€€€€€€€€€€  €›  €€€€€€€€€€€[30m   €€  [37mﬁ€€€€€€€€€€€ﬂ›   €€€ﬁ€€€€[0m    [1;30m €€€€€€€
[37m€€€€€€€€€€€€€€€€€€› ﬁ   ›€€€€€€€€€€€  [30mﬁ›[37m ﬁ€€€€€€€€€€€€€  [0;36m€[1;37m  €€€€€€€€[0m    [1;30m €€€€€€
[37m€€€€€€€€€€€€€€€€€€€  [0;36m‹€[1;37m  €€€€€€€€€€€€   ﬁ€€€€€€€€€€€€€  [0;36m€€€[1;37m  €€€€€€€€[0m    [1;30m €€€€€
[37m€€€€€€€€€€€€€€€€€€  [0;36m€€€€[1;37m  €€€€€€€€€€€€‹€€€€€€€€€€€€€€  [0;36m€€€€€[1;37m  €€€€€€€€ [0m  [1;30m  €€€€
[37m€€€€€€€€€€€€€€€€€  [0;36m€€€€€€[1;37m  €€€€€€€€€€€€€€€€€€€€€€€€€  [0;36m€€€€€€€[1;37m  €€€€€€€€[0m  [1;30m   €€€
[37m€€€€€€€€€€€€€€€€  [0;36m€€€€€€€€[1;37m  €€€€€€€€€€€€€€€€€€€€€€   [0;36m€€€€€€€€€[1;37m  €€€€€€€€ [0m [1;30m   €€
[37m€€€€€€€€€€€€€€€ [0;36m €€€€€€€€€€‹‹[1;37m ﬂﬂ€€€€€€ﬂﬂ‹€€€€€ﬂﬂ  [0;36m‹‹€€€€€€€€€€€ [1;37m €€€€€€€€[0m  [1;30m   €
[37m€€€€€€€€€€€€€€  [0;36m€€€€ﬂﬂ€€€€‹‹ﬂ€€‹‹[1;37m ﬂﬂ  ‹€€ﬂﬂﬂ  [0;36m‹‹€€€€€€€€€€€€€€€€[1;37m  €€€€€€€€
€€€€€€€€€€€€€  [0;36m€€€ﬂ ‹€€€€€€€€€‹€€€€€€‹‹‹‹‹€€€€€€ﬂﬂﬂ€€€ﬂﬂ€€€€€€€€€[1;37m  €€€€€€€€
€€€€€€€€€€€€  [0;36m€€€› ﬁ€€€€€€€€€€€€€ﬂ€€€€€€€€€€ﬂﬂ‹‹€€€€€€€€‹€€€€€€€€€[1;37m  €€€€€€€€
€€€€€€€€€€€  [0;36m€€€€  €€€€€€€€€€€€€€€‹€€€‹€‹‹€€€€€€€€€€€€€€€€€€€€€€€€€[1;37m  €€€€€€€€
€€€€€€€€€€  [0;36m€€€€€€€€ﬂﬂ‹‹  ﬂﬂ€€€€€€€€€€€€€€€€€€€€€€€€€ﬂﬂ  ‹‹ﬂ€€€€€€€€[37m  [1m€€€€€€€€
€€€€€€€€€  [0;36m€€€€€€€ﬂ‹‹€€€€€‹‹  ﬂﬂ€€€€ﬂﬁ€€€€›€€€€€€ﬂﬂ  ‹‹€€€€€€€€€€€€€€[37m [1m €€€€€€€€
€€€€€€€€  [0;36m€€€€€€€€€€€‹‹€€‹€€€€‹‹  ﬂ ‹€€€€ﬂ €€ﬂﬂ  ‹‹€€€€€€€€€€€€€€€€ﬂ€€[37m  [1m€€€€€€€
€€€€€€€[0m  [36m€€€€€€€€€‹‹€€ﬂﬂ[1;35m ‹‹ ‹[0;36m ﬂﬂ€‹‹€€€€€€€€€€€€ﬂﬂ[37m[6C[36mﬂﬂ€€ﬂﬂﬂ€€€€€€ﬁ€€  [1;37m€€€€€€
€€€€€€[0m  [36m€€€€€€€ﬂ ‹€€ﬂ [1;35m‹€ﬂ    [0m[5C[36mﬂﬂ€€€€€€€ﬂﬂ[1;35m  ‹‹€[45mﬂﬂ[0;35m€ﬂﬂ[36m   ﬂ€€€€€€€€› €€€ [37m [1m€€€€€
€€€€€[0m  [36m€€€€€€€› €€€› [1;35mﬁ[45m≤[40m›[0;35m  [31m   [35m∞±≤[31m  [36m ﬁ‹ ﬂﬂﬂ ‹› [1;35m €[45m±[0;35m€ﬂﬂ[36m [37m[5C[31m [36m ﬁ€€€€€€ﬂ ﬁ€€€€[37m [1m €€€€
€€€€[0m  [36m€€€€€€€€ ﬁ€€€› [35mﬁ[1;45m∞[0;35m›[37m[7C[31m   [36m ﬁ€ﬂﬁ€€€€€› [35mﬂ[1;45m∞[0;35m€€‹[37m [35m ‹[37m  [35m [36m  ﬁ€€€€ﬂ   €€€€€[37m [1m  €€€
€€€[0m  [36m€€€€€€€€€› €€€€‹ [31m   [37m  [35m‹ ‹‹ﬂ[31m [36m ‹€› €€€€€€€‹ [31m [37m [35m    [37m    [36m ‹€€€€€ﬂ  €€€€€€[37m [1;30m€[37m  €€
€€[0m  [36m€€€€€€€€€€€‹ ﬂ€€€€‹‹[37m[7C[36m‹‹€€€ ∞€€€€€ﬁ€€€‹‹[37m[6C[36m‹‹€€€€€ﬂ   €€€€€€€[37m [1;30m€€[37m  €
€[0m  [36m€€€€€€€€€€€€€€‹‹€€€€€€€€€€€€€ﬂ€€›∞€€€€€€‹€€€€€€€€€€€€€€€€€‹ﬂ  €€€€€€€€[37m [1;30m€€€
[0m  [36m€€€€€€€€€€€€€€€€€‹‹ﬂﬂ€€€€€€€€€€€€ﬁ≤≤€€€≤ﬂ‹€‹ﬂ€€€€€€€€€€€ﬂ€ﬂ  ‹€€€€€€€€€[37m [1;30m€€€€
[0;36m€€€€€€€€€€€€€€€€€€€€€€ ‹€€€€€€€€€ﬂ‹€≤€€€≤∞€€€€›ﬁ€ﬂ€€€€€€€€€  ‹€€€€€€€€€€€[37m [1;30m€€€€€
[0;36m€€€€€€€€€€€€€€€€€€€€€€€ﬁ €€€€ﬂ €›ﬁ€€€€€€€€€€ﬂﬂ‹€€€‹ ﬂ€€€€ﬂ‹‹€  €€€€€€€€€€[37m [1;30m€€€€€
[0;36m€€€€€€€€€€€€€€€€€€€€€€€€ﬂﬂﬂﬂ€€€€€‹ﬂ€€€€€ﬂﬂ ‹‹€ﬂﬂ  ﬂﬂ€€€€€€€€€€  €€€€€€€€€[37m [1;30m€€€€€
[0;36m€€€€€€€€€€€€€€€€€€€€ﬂﬂ  ‹‹€€€‹‹ﬂﬂ€‹‹‹‹‹‹‹€€ﬂ‹‹€€€€‹‹  ﬂﬂﬂ€€€€€€  €€€€€€€€[37m [1;30m€€€€€
[0;36m€€€€€€€€€€€€€€€‹‹   ‹‹€€€€€€€€€€€€€€[46m€[40mﬂﬂ€[46m€[40m‹€€€€€€€€€€€€‹‹‹  ﬂﬂﬂ€›  €€€€€€€[37m [1;30m€€€€€
[0;36m€€€€€€€€€€€€€€€€€€ﬂ  ﬂﬂ€€€€€€€€€ﬂﬂﬂ ‹[46m  [40m‹ ﬂﬂﬂ€€€€€€€€€ﬂﬂ[5C‹€››  €€€€€€€[37m [1;30m€€€€€
[0;36m€€€€€€€€€€€€€€€€€€€€‹‹   ﬂﬂﬂﬂ   ‹‹€€€€€€€‹‹    ﬂﬂﬂﬂ[6C‹‹€€ﬂ   ‹€€€€€€€[37m [1;30m€€€€€
[0;36m€€€€€€€€€€€€€€€€€€€€€€€€ﬂ   ‹‹€€€€€€€€€ﬂﬂﬂﬂﬂ€€‹‹‹    ‹‹€€€€ﬂ   ‹€€€€€€€€€[37m [1;30m€€€€€
[0;36m€€€€€€€€€€€€€€€€€€€€€€€›   €€€€€€€ﬂﬂ    ‹‹€€€€€€€€  ﬁ€€€€ﬂ   ‹€€€€€€€€€€€[37m [1;30m€€€€€
[0;36m€€€€€€€€€€€€€€€€€€€€€€€   ﬁ€€€€€€€›‹‹‹€€€€€€€€€€€€   €€€›   ﬁ€€€€€€€€€€€€[37m [1;30m€€€€€
[0;36m€€€€€€€€€€€€€€€€€€€€€€€   ﬁ€€€€€€€€€€€€€€€€€€€€€€›   €€‹‹‹‹€€€€€€€€€€€€€€[37m [1;30m€€€€€
[0;36m€€€€€€€€‹ €€€€€€€€‹ €€€    ﬂ€€€€€€€€€€€ﬂ€€€€€€€€ﬂ    €€€€€€€€€€€€€€€€€€€€[37m [1;30m€€€€€
[0;36m€€€€€ﬂ €€›€€€€€€€€€›ﬂ€€›[5Cﬂﬂ€€€€€ﬂ ‹€€€€€€ﬂﬂ[5Cﬁ€€€€€€€€€€€€€€€€€€€€[37m [1;30m€€€€€
[0;36m€€€ﬂ  ∞ﬂ  ‹‹ ﬂ€ﬂ  ‹‹ ﬂ[46mﬂ€[40m‹[26C‹€€€€€€€€€€€€€€€€€€€€€[37m [1;30m€€€€€
[0;36mﬂ€‹€  ∞  ﬁ€€›    ﬁ€€›  [46m [40m€€€‹‹‹[16C‹‹‹€€€€€€€€€€€€€€€€€€€€€€€€[37m [1;30m€€€€€
[0;36m€€€€  ∞  ﬁ€€›    ﬁ€€›  ﬁ€€€€€€€€€‹‹‹‹‹‹‹‹‹‹€€€€€€€€€€€€€€€€€€€€€€€€€€€€€€[37m [1;30m€€€€€
[0;36m€€€€  ∞‹  ﬂﬂ  ‹›  ﬂﬂ  ﬂ€€€€€€€€€€€€€€€€€€€€€€€€€€€€€€€€€€€€€€[1;46m ‹‹‹‹€€€€€‹‹[0m [1;30m€€€€€
[0;36m€€€€  ﬂﬂﬂﬂﬂﬂﬂﬂﬂﬂﬂﬂﬂﬂﬂﬂﬂ€€€€€€€€€€€€€€€€€€€€€€€€€€€€€€[1;46m‹‹‹‹‹€€[40mﬂﬂﬂﬂ[0m[8C[1;36mﬂ[0m [1;30m€€€€€
[0;36mﬂ€ﬂﬂ   ﬂﬂ€€ﬂﬂﬂﬂﬂﬂﬂﬂﬂﬂﬂﬂﬂ€ﬂﬂ€€€€€€€€€€€€€€€€[1;46m‹‹‹‹‹€€[40mﬂﬂﬂﬂﬂ[0;36m  [33m ‹‹‹‹‹‹€[1;43;30m‹‹‹‹[0;33m€€‹‹ [1;30m€€€€€
[0;36m ‹€€∞  €€€€€€€€€€€€€€€€€€€€€€€€€€€€€[1;46m‹‹‹€€[40mﬂﬂﬂﬂ[0;36m    [33m ‹‹‹‹€€[1;43;30m‹‹[40mﬂﬂﬂ[43m‹‹[40mﬂﬂ[0;33m [1;30m‹‹[43mﬂﬂ[0;33m€€€[37m [1;30m€€€€€
[0;36m∞€€€±∞ €[46;30mm i l l e n i u m[40;36m€€€€€[1;46m‹‹‹€[40mﬂﬂﬂﬂ[0;36m  [33m  ‹‹‹‹€€€€€€[1;43;30m ‹≤[40mﬂ[0;33m  ‹‹‹  [1;30m‹[43mﬂﬂ[0;33m€€€€€€€[37m [1;30m€€€€€
[0;36m±€€€≤±∞€€[46;30me d i t i o n[40;36m€€€€€[1;46m‹€[40mﬂﬂ[0;36m  [33m ‹‹‹€€ﬂﬂ[1;43;30m‹‹[0;33m€€€€€€€[1;43;30m ‹≤[40mﬂ[0m [33m‹[1;43;30m±∞[0;33m€€€€€‹‹€ﬂ€€€€€€[36m [1;30m€€€€€
[0;36m≤€€€€≤∞€€€€€€€ €€€€€€€€€€[1;46m‹€[40mﬂ[0;36m [33m‹‹€€€€€€€[1;43;30m∞±≤[40m‹[0;33m [1;30mﬂﬂ[43m‹‹‹‹‹≤€[40m›[0;33m [1;30mﬁ[43m≤≤±∞[0;33m€€€€€€€€€[1;43;30m [40mﬂ[43m‹[0;33m€€[37m [1;30m€€€€€
[0;36m€€€€€≤±€€€€€€€ €€€€€€€€€[1;46m€€[0;36m  [33mﬁ€€€€€€€€€€[1;43;30m∞±≤≤[0;33m  [1;30m ‹‹‹‹‹‹‹‹[0;33m [1;30mﬂ[43m≤≤≤±[0;33m€€€€€€[1;43;30m‹‹[40mﬂ[0;33m  [1;30mﬂﬂ[0m [1;30m€€€€€
[0;36m≤€€€€€±€€€€€€€ [1m‹‹‹ [0;36m€€€€[1;46mﬁ€[40m›[0;36m  [33m€€€€€€€€€€€€[1;43;30m∞±≤[40m›[0m [1;47;30m€ﬂﬂ[0m€€€€[1;47;30mﬂﬂ[40m€[0;33m [37m [33m [1;30mﬂﬂ[43m≤±‹[40mﬂﬂﬂ[0m[8C[1;30m€€€€€
[0;36m€€€€€€≤€€€€€€€ [1m€€€ [0;36m€€€€€[1;46m€€[0;36m  [33mﬁ€€€€€€€€€€€€[1;43;30m∞≤[0;33m [1;30m€[0m€[47;30mACiD-100[40;37m€[1;47;30mﬂﬂﬂ[40m‹‹‹[0m  [1;30m‹‹[47m≤[0m [1;30m‹[0m[6C[1;30m€€€€€
[0;36m€€€€€€€€€€€€€€ [1m€€€ [0;36m€€€€€€[1;46mﬂﬂ[40m‹[0;36m [33mﬂﬂ€€€€€€€€[1;43;30m‹‹[40mﬂ[0m [1;30m‹[47m› [0;47;30mAnd shepherds[40;37m€€[1;47;30mﬂﬂ[0m€€[1;47;30m∞[0m [33m€[1;43;30mﬂﬂ[40m‹‹[0;33m [37m [1;30m€€€€€
[0;36m€€€€∞≤≤€€€€€€€ [1m€€€ [0;36m€€€€€€[1;46m‹€[40mﬂﬂ[0;36m  [33m  ﬂﬂﬂﬂ[1;30mﬂﬂ[0;33m [1;30m‹‹[47mﬂ[0;47;30m we shall[40;37m€[47;30mbe, for thee[40;37m€ [33m€€€€€[1;43;30mﬂ[0m [1;30m€€€€€
[0;36m≤ﬁ€€∞∞≤€€€€€≤€ [1m€€€ [0;36m€€€€[1;46m‹€[40mﬂ[0;36m  [33m‹‹‹‹‹[1;30m‹‹[0;33m   [1;30m ﬁ[47mﬂ[0m€€[47;30mmy lord,[40;37m€[47;30mfor thee.[40;37m€€€€[1;47;30m∞[0m [33m€€[1;43;30m∞[0;33m€[1;43;30m∞≤[0m [1;30m€€€€€
[0;36m±ﬁ€€€∞≤€€€€€€€ﬁ[1m€€€ [0;36m€€€[1;46m€€[0;36m [33m ‹€€€[1;43;30m∞±≤≤€ﬂ≤[40m‹[0m [1;30m €[0m€[47m [30mPower hath descended[40;37m€€[1;47;30m±[0m [1;43;30m∞[0;33m€[1;43;30m∞∞≤€[0m [1;30m€€€€€
[0;36m∞ﬁ€€[46m‹‹[40m∞€€€€€≤€ﬁ[1m€€€ [0;36m€€[1;46m€€[0;36m  [33mﬁ€€€€€[1;43;30m ∞±≤≤€€≤[0m [1;30mﬁ[47m›[0;47m [30mforth from[40;37m€[47;30mthy hand.[40;37m€€[1;47;30m≤[0m [1;43;30m∞±≤≤€[40m›[0m [1;30m€€€€€
[0;36m ﬁ€€€€€€€€€€≤€≤[1m€€€ [0;36m€[1;46mﬁ€[40m›[0;36m  [33m€€€€€€€€€[1;43;30m∞±≤≤€[40m›[0m [1;47;30m€[0;47;30m Our feet[40;37m€[47;30mmay swiftly  [1m [0m [1;43;30m≤≤€[40mﬂﬂ[0m  [1;30m€€€€€
[0;36m ﬁ€€€€€€€€€€±≤≤[1m€€€ [0;36m€€[1;46m€€[0;36m  [33mﬁ€€€€€€€€€€[1;43;30m∞±≤[0m [1;30mﬁ[47m›[0;47;30mcarry out[40;37m€[47;30mthy commands.[1m∞[0m [1;30mﬂ[0m[6C[1;30m€€€€€
[0;36m  ﬂﬂ€€€€€€€€∞±≤[1m€€€ [0;36m€€€[1;46m€≤[0;36m  [33mﬂ€€€€€€€€€[1;43;30m‹≤[40m›[0;33m [1;47;30m€[0m€[47m [30mSo we shall flow a[40;37m€€€€[1;47;30m±[0m   [1;30mnE![0m  [1;30m€€€€€
[0;36m ﬂﬂﬂﬂﬂﬂﬂﬂﬂﬂﬂ∞∞±[1m€€€∞[0;36m€€€€[1;46mﬂ€[40m‹[0;36m   [33mﬂﬂ€ﬂ€€[1;30mﬂﬂ[0;33m [37m [1;30mﬁ[47m›[0m€[47m [30mriver forth to thee   [1m≤[0m [1;43;30m±≤[40m‹‹[0m   [1;30m€€€€€
[36m€€€€€€€€€€€€€€€€€€±[0;36m€€€€€[1;46m‹≤[40mﬂ[0;33m  ‹€€€€[1;43;30m∞≤≤ﬂ[40m‹[0m [1;30mﬂ[47m›[0;47;30mAnd teeming with souls[40;37m€€ [1;43;30m∞±≤€€[40m›[0m [1;30m€€€€€
[36m€€€€€€€€€€€€€€€€€€≤[0;36m€€€€[1;46mﬁ[40m€[0;36m  [33m €€€€€€€[1;43;30m∞±≤≤≤[0;33m [1;30mﬁ[47m›[0m€[47;30mshall it ever be.[40;37m€€[47;30mIn[40;37m€ [33m€[1;43;30m∞±≤€€[0;33m [1;30m€€€€€
[36mﬂﬂﬂﬂﬂﬂﬂﬂﬂﬂﬂﬂ∞ﬂﬂ∞ﬂ±≤[0;36m€€€€[1;46m€[40m›[0;36m  [33mﬁ€€€€€€€€[1;43;30m∞±≤≤[40m›[0m [1;47;30m€ [0;47;30mNomeni Patri Et Fili[40;37m€[1;47;30m∞[0m [33m€€[1;43;30m∞±≤€[0m [1;30m€€€€€
[0;36m€€€€€€€€€€€€€€€€€€€€€€€[1;46mﬁ≤[0;36m  [33m €€€€€€€€€[1;43;30m∞±≤[0;33m [1;30mﬁ[47m›[0m€[47;30mSpiritus Sancti...[40;37m€€[1;47;30m ±[0m [33m€€€[1;43;30m∞±≤[0m [1;30m€€€€€
[0;36m€€€€[1;46mﬂ‹‹‹[0;36m€€€€€€€€€€€€€€€€[1;46mﬁ≤[0;36m  [33m ﬂ€€€€€€€[1;43;30m‹[40mﬂ[0;33m [1;30m‹[47m€[0m€€€€€€€€[1;47;30m‹‹‹‹‹‹‹‹‹‹‹‹‹‹€≤[0m [33m€€€€[1;43;30m∞[0m  [1;30m€€€€€
[0;36m€€€€€€[1;46mﬂ€€€€‹‹[0;36m€[1;46m‹‹€€€€€‹‹[0;36m€€[1;46mﬂ€[40m‹[0;36m [33m [37m  [33mﬂﬂﬂ‹‹[1;43;30mﬂ[40m‹‹‹[0;33m [1;30mﬂ[47m€ ‹‹€[40mﬂﬂﬂ[0m [1;30m‹‹‹‹‹‹‹‹‹‹‹‹‹‹‹‹‹‹‹‹‹[0m [1;30m€€€€€
[0;36m€[1;46m‹‹€€€‹‹ﬂ[40m‹‹ﬂﬂﬂﬂﬂﬂ[37m [0m‹‹[1;30m [36mﬂﬂ[46m€€‹‹ﬂ€[40m‹[0;36m [37m [33m‹€€€€[1;43;30m∞∞±≤≤[0;33m [1;30mﬂﬂﬂ[0m [1;30m‹‹€ﬂﬂ[0m ‹‹[1;30m  ﬂ€ﬂﬂﬂ‹‹€[47mﬂﬂﬂ     [0m [1;30m€€€€€
[46;36m€[40mﬂﬂ[37m [0m‹[1;30m [36mﬂﬂ[46m€‹€€[40m‹[37m [0m ‹[1;47;30m‹≤≤±‹‹[40m‹[37m [36mﬂﬂ[46m€€‹[40m›[0;33m ﬁ€€€€€€€[1;43;30m∞∞±≤[0;33m [1;30m‹€€ﬂﬂ[37m [0m‹[1;47m‹‹[40m€€[47m‹‹[0m‹ [36m [1;30m‹€[47mﬂ‹‹‹[40m€ﬂﬂﬂﬂ€[47m‹[0m [1;30m€€€€€
[37m [0m‹[1;47;30m‹‹[40m€[47m‹‹[0m‹‹[1m [36mﬂﬂ[46m€€[0mﬁ[1;47;30mﬁ[40m€€€€ﬂﬂ[0m‹‹[1;47;30m‹[0m‹‹[1;36mﬂ[46m€€[0;36m [33m€€€€€€€€€[1;43;30m∞≤[40m›ﬁ€ﬂ[37m [0m‹[1;47m‹[0m‹‹[1mﬂﬂ€€€€[47m›[0m›[1;30m€€ﬂﬂﬂ[37m [0m‹‹‹[1;47m‹‹[0m‹[36m [1;30mﬂ[0m [1;30m€€€€€
[0mﬁ[1;47;30mﬁ[40m€[47m≤≤≤[40m€€€[47m‹‹[0m‹[1m [36mﬂ[30m [47m ﬂ[40m€€ﬁ[47m∞‹[40m€€€€€›[36mﬁ[46m€[40m›[0;33mﬁ€€€€€€€€[1;43;30m≤€[0;33m [1;30m€›[0mﬁ[1;47m [40m€€€€€∞›€€€[47m [40m [30mﬂ[37m [0m‹[1;47m‹‹‹[40m€€€€€€[47m‹‹[0m [1;30m€€€€€
[47m∞[40m€€€[47m€[40m€€€€€ﬂﬂ∞∞[47m‹[0m‹‹[1;47;30m‹›‹[40m€€€€€€≤€ [46;36m€€[40m‹[0;36m [33mﬂ[1;43;30m ‹ ‹‹[40mﬂﬂ[0;33m [1;30mﬁ[46m€[0m [1;47m [40m€€€€€€€€[47m€‹[0m‹‹[1;47m±[40m∞∞[0mﬂﬂ[1;47mﬂ[40m€€€€€€€€[47m€[0m [1;30m€€€€€
 ‹€€€€€€ﬂ[0m‹‹‹[1;47;30m±[40m€[47m≤≤[40m€[0mﬂ[1;30m€€€ﬂ€≤€€≤ﬁ›[36mﬁ[46m€[0;36m€[1;46mﬂ[0;36m‹‹ [33m    [36m ‹[1;30m€›[0mﬁﬁ[1m€€€€€ﬂ€€[47mﬂ[40mﬂ€€[47m‹[40m€€[0m‹‹‹ﬂ[1;47mﬂ[40m€€€€€€[47m€[0m [1;30m€€€€€
€€€€€€€€ﬂ[0m‹[1;47;30m∞[40m€€€€€[47m [40m€€€€› ﬂ±≤› €[0m [1;36mﬂ[46m€‹[0;36m€€[1;46mﬂﬂ[0;36m‹‹‹€[1;46;30m€[40mﬂ[0m [1;47m∞[40m ﬁ€€ﬂ ﬁ€€€[47m‹[40m€€€€[47m€€‹[0m‹ﬂ[1;47m [40m€€€€€€[47m€[0m [1;30m€€€€€
ﬂ‹€€€€€€[0mﬁ[1;47;30mﬁ[40m€[47m≤≤€[40m€[47m›[0m›[1;30m€€€€ﬁ‹ ﬁ±›‹ﬁ€∞[0m [1;36m€[46m≤[0;36m€€€€€[1;46;30m‹€[0m [1m∞[47m [0m›[1m‹ﬁ€› ‹›€€€[47m›[40mﬁ€€€€[47m€€›[0m›€[1;47mﬁ[40m€€‹ﬂ€[47m€[0m [1;30m€€€€€
ﬁ€€€€€€€‹[47m∞[40m€€€€ﬂ‹€ﬂ€€€€‹ﬂ‹€€ﬂ‹€€‹ [36mﬂ[46m≤[0;36m€€€[1;46;30m‹[40mﬂ[37m [0m‹[1;47m‹[40m€[0m‹[1mﬂ€€‹ﬂ‹€€€€[0mﬂ[1m€‹ﬂ€€[47m€€ [0m‹[1;47m [40m€€€€€‹[47m€[0m [1;30m€€€€€
€€€€€€€€€‹ﬂﬂ€€€€€€ﬂ€€€€€€€€€€€€€€ [0;36mﬂ[1;46m∞[0;36m€[1;46;30m€[40mﬂ[0m [1;47m [40m€€€€€€€€€€€[47mﬂﬂ[0mﬂ[1;47mﬂ[40m€€€[47mﬂﬂ[0mﬂﬂ‹[1;47m‹[40m€€€€€€€[47m€[0m [1;30m€€€€€
‹€€€€€€€€€€€‹‹ﬂﬂ€€ﬂ  ﬂﬂ€€€€[0m∞∞[1;30m∞€€€€ [0;36mﬁ[1;46;30mﬁ[40m›[37m [47m [40m€€€€€€€[47mﬂﬂﬂ[0mﬂﬂ[1m  [0mﬂ[1;47mﬂ [0mﬂﬂ‹‹[1;47m‹‹[40m€€€€€€€€€[47m€[0m [1;30m€€€€€
€€€€€[0m±±[1;30m€€€€€€€€€[47mﬂ[40m‹€€€‹‹   ﬂﬂ€[47m€[40m€€€€›[0;36m [1;46;30m€[0;36m [37mﬁ[1;47mﬁ[40m€€[47m€ﬂﬂ[0mﬂﬂ    ‹[1;47m  ‹[40m‹[47m‹‹‹[40m€€€€€€€€€€€€€[47m€[0m [1;30m€€€€€
€€€[0m∞∞[1;30m€€€€€[47m∞[40m€€€[47mﬂ∞[40m‹[47m€[40m€€€€€[47m€[40m€‹‹   ﬂ€€€ [0;36mﬁ[1;46;30mﬁ[40m›[37m [47m [40m€[47m [0mﬂ[5C‹[1;47m  ‹‹[40m€€[47m€[40m‹€€€€€€€ﬂ‹€€€€€€[47m€[0m [1;30m€€€€€
ﬁ€∞€€€€€€[47m±∞≤[40mﬂ[47m∞‹[40m‹€€€€€€€[47m€€[40m€€› [0;36mﬁ[1;30m ﬁﬂ [0;36m‹€€[1;46;30m€[40m‹[0m ﬂ› [1m [0;32m‹ﬂ[37m ﬁ[1;47m  ﬂ[40m€€€€€€€€€€€€∞ﬁ€€ ‹‹€€[47m€[0m [1;30m€€€€€
€€€€€€€€[47m≤≤[40m∞∞[47m€€[40m€€€€€€[47m€€[40m€€€€ﬂ [0;36m‹€‹‹‹[1;46;30m‹‹‹‹‹€€[40m‹‹[0m [32mﬁ€‹[1;37m [0m  ﬂﬂ[1;47m  ﬂﬂ[40m€€€€€€€€ ∞ﬂ€ ‹€€€[47m€[0m [1;30m€€€€€
∞€€€€€€[47m≤[40m∞∞€[47m€€[40m€€€€[47m€€[40m€€€ﬂﬂ[0m  [36m‹€€[1;46;30m‹‹[40mﬂﬂ[0m [32m‹‹‹[1;37m‹[0;32m‹[1;37m‹[0;36m [1;30mﬂ[0m [32m€[1;42;37m∞∞±±[0;32m‹‹[37m   ﬂ[1;47m   ﬂ€€[40m€€€ ﬁ€‹ ﬂﬂﬂ€[47m≤[0m [1;30m€€€€€
€€€€€€[47m≤[40m∞€€€[47m€[40m€€€[47m€€[40m€€ﬂ[0m [36m ‹‹€[1;46;30m‹‹[40mﬂﬂ[0m [32m‹‹[1;42;37m∞∞±±≤≤≤≤≤≤[40m‹[0m [1;42m  ∞∞±±[40m€€‹[0m  ﬂ[1;47m  ﬁ€[40m€€€€€€€€€€€€€[0m [1;30m€€€€€
 €€€€[47m€[40m€€€€€€€€€ﬂﬂ [0;36m‹‹€[1;46;30m‹‹[40mﬂﬂ [0m [32m‹[1;42;37m  ∞∞±±≤≤≤≤[40m€€[42m≤≤≤[40m›‹€[42m‹±±≤≤[40m€€›[0m  ﬁ[1;47m €€€€€[40m€€€€€€€€€[47m≤[0m [1;30m€€€€€
 [0;36m [1;30m€€€€€€€€€ﬂﬂ [0;36m‹‹€€€[1;46;30m‹[40mﬂ[0m [32m‹[1;37m [0;32m‹[1;37m [0;32mﬁ[1;42;37m ∞∞≤≤≤≤[40m€€€€€€€€[42m≤≤[40m €€€[42m≤≤[40m€€€€ [0m ﬁ[1;47m €€€€€€€€€ [40m€€€€[47m±[0m [1;30m€ﬂ€€€
[0;32m∞[36m [1;30m €€€€ﬂﬂ [0;36m‹‹€€€€€€[1;46;30m€[40;37m [0;32m‹[1;37m [0;32mﬁ[1;42;37m [0;32m›[1;42;37m [0;32m‹ﬂ[1;42;37m€€≤≤[40m€€€ ﬂ  ﬂﬂ€€[42m≤[40m€€€€[42m≤[40m€€€›ﬁ› [0m [1;47m  ﬂ€€€€€€€€[40m€[47m€€€∞[0m [1;30m€€€‹ﬂ
[0;32m  [36m  [1;30m€ [0;36m‹‹€€€€€€€€€[1;46;30m€[40m›[37m [0;32mﬁ[1;42;37m [0;32m‹[1;42;37m ∞∞±±≤[40m‹€[42m≤[40m€‹[0m [1;30m‹[47m€[46mﬂﬂ[47m€[40m‹[0m [1m€€€€€[42m€€[40m€€€  €›[0m  ﬂ[1;47m  ﬂﬂ€€€‹€[40m€[47m€€€ [0m [1;30m€€€€›
[0;32m ﬂ€ [36m €€€[47m€[40m€∞≤≤€€€[1;46;30mﬁ€[0m [32mﬁ[1;42;37m  ∞∞±±≤≤[40m€€€€€[0m [1;30m‹‹[46mﬂ   [47m€[0m [1mﬁ€ﬂ€€€[42m≤[40mﬂ€‹›[0m [1mﬁﬂ [0m  ‹‹[1;47;30m∞[0m‹[1;47m  ﬂﬂﬂﬂﬂﬂﬂ [0m [1;30m€€€ﬂ
[0;32m  ﬁ€[1;37m [0m [1;46;30m∞[0;36m€€€∞∞≤€€€[1;46;30m€[40m›[37m [0;32m€[1;42;37m∞∞±±≤≤[40m€€€€€››[30mﬁ[47m€[46m     [47m€[0m [1mﬁ€€ﬂ€€€€€€›[0m [1m [0m‹‹[1;47;30m±∞[0mﬂﬂﬂ [1m‹‹‹‹‹‹‹‹‹‹‹‹
[0;32m  ∞[1;42;37m∞∞[40m [0;36m [1;46;30m±[0;46;36m‹ﬂ[40m€∞≤€€€[1;46;30mﬁ€[40m [0;32mﬁ[1;42;37m±[0;32mﬂ[1;37m‹[42m≤[40m€€€€€€‹  [0m [1;30mﬂ[47m€[46m‹   ﬁ[40m›[37m €€€‹ ﬂﬂ€€€ [0mﬁ[1;47;30m±[0mﬂ [1m‹‹€€€€€€€€ﬂ[0m [1;30m‹‹‹[0m [1;30m‹‹‹‹‹
[0;32m   ﬁ[1;42;37m±≤[40m [0;36m [1;46;30m≤[0;36m€[46m‹‹[40m∞€€[46m‹[1;30mﬁ€[0;36m [32mﬁ [1;37mﬁ[42m≤[40m€€€€€ﬂﬂ[0m [1;30m‹[46mﬂﬂ[40m‹‹ﬂ[47m€[46m   ﬂ[40m‹[0m [1mﬂﬂﬂﬂ [0m [1m  ﬂ [47;30m≤[0m [1mﬁ€€€€€€€€€€›[0m [1;47;30m€[46mﬂ≤[47m€[0m [1;30m€€€€€
[0;32m ∞ ﬁ[1;42;37m∞≤≤[0m [36m [1;46;30m€[0;47;36m€[40m€€€€€[1;46;30m€[40m›[0;36m [32m‹[1;37m [42m≤[40m€€ﬂﬂ[0m  [1;30m‹[47m€[46mﬂ   [0;36m€€[1;46;30mﬂﬂ›   ﬂ[40m€€‹‹‹[0m  [1;30mﬂ[47m€[40mﬂ[47m≤≤[40;37m €€€€€€€€€€€›[0m [1;47;30m€[46m∞≤[47m€[0m [1;30m€€€€€
[0;32m   ›[1;37mﬁ[42m∞±≤[0;36m  [1;30m€[0;36m€€€€€[1;46;30mﬁ€[0;36m [32mﬁ[1;42;37m∞±[40m€€€€€‹‹ [30mﬂ[47m€[46m‹ [0;36m€€[46m€€[1;30mﬂ    ‹[40m€ﬂﬂﬂﬂﬂﬂﬂﬂ[47m€≤[0m [1;42m≤≤[40m€€€€€€€€€€ [30mﬁ[46m›∞[47m€[0m [1;30m€€€€€
[0;32m› ﬁ€[1;42;37m∞±≤[40m€€[0m  [1;46;30m€[0;36m€€€€€[1;46;30m€[40m›[37m [42m±≤±[40m€€€€€€€‹ [30mﬂ[47m€[0;36m€€[46m€€[1;30m    ﬁ[40m›[0;32m ‹€[1;42m‹‹‹‹‹[0;32m‹[1;37m [30mﬂ›[0;32mﬁ[1;37mﬂ[42m≤[40m€€€€€€€€€›[0m [1;30mﬂ[46m›[47m€[0m [1;30m€€€€€
[0;32m€ €[1;42;37m≤[40mﬂﬁ[42m≤[40m€€[42m≤[0m [36m [1;30m€[0;36m€€€€[1;46;30mﬁ€[40;37m [42m≤[40mﬁ[42m≤≤[40m€€€€€€€›[0m [1;30mﬁ[46m› [0;46;36m€€[1;30m    ﬁ[0m [32mﬁ[1;42m €ﬂﬂ[0;32m€€[1;42mﬂ≤[0;32m€[37m [1;30m›[42;37m∞[0m [1;42m±[40m›ﬁ€€€€€€€€€[0m [1;30mﬂ[47m€[0m [1;30m€€€€€
[0;32m€€[1;42;37m±[0;32m›[1;37m  €€[42m≤∞ [0;36m  [1;46;30m€[0;36m€€€[1;46;30mﬁ€[40;37m ›ﬁ€[42m≤[40m€€€€€€€[42m€[0m  [1;47;30m€[46m [0;46;36m€€[1;30m    €[0m [32mﬁ[1;42m ›[0;32m€€€€[1;42m ﬁ›[0m [1;30m›[0;32m›[37m [1;30m‹[37m [42m±≤≤[40m€€€€€€€€[0m [1;30mﬂ[0m [1;30m€€€€€
[42;37m ∞[0;32m€ [1;37m [0;32m [1;37mﬁ[42m≤∞[0;32m€€›  [1;30m€[0;36m€€[1;46;30m€[40m›[37mﬁ›ﬁ€€€€€€€€[42m€≤[40m [0m [1;47;30m€[46m ‹[40mﬂ[46m‹‹‹[47m€[46mﬂ[40m‹[0;32m ﬂ€ﬂﬂ€ﬂﬂ[1;42mﬂ[0;32mﬂ[37m [1;30m›[0m [1;30m‹[47m€[40m›[0;32mﬁ[1;42;37m±±≤≤[40m€€€€€€€[0m  [1;30m€€€€€
[0;32m€[1;42;37m ∞[0;32m›[1;37m   [42m∞[0;32m€€€€  [1;30mﬁ[46m›ﬁ[47m€[40;37m €›€€€€€€€€€[42m≤[40m› [30mﬁ[46m› ﬁ[47m€[40m‹[0m [1;30mﬂ[0m [1;30mﬂﬂﬂ[0m[5C[1m   [30m‹[47m€€[46mﬂ ﬂ[40m‹‹[37m [0;32m‹[1;42;37m±±≤≤[40m€€€€€€[0m [1;30mﬂ€€€€
[0;32m €[1;42;37m∞[0;32m€[1;37m‹ [0;32m ﬁ€€€›  [36m [1;30mﬂ[47m€[0;36m [1;37mﬁ€€€€€€€€€€[42m≤≤[40m [0m [1;47;30m€[46m  ﬂ ﬂ[40m€[0m [32mﬂ‹€   ‹‹‹‹   ‹[37m [1;47;30m€[46m   ﬁ[40m‹[37m [42m∞∞±±≤≤[40m€€€€€‹[0m [1;30mﬂﬂ€
[42;37m [40m€[42m∞∞∞[40m€‹[0;32m €€€  [1;42;37m∞±[0m [1;30mﬁ[37mﬁ€€›€€€€≤€€[42m≤≤[0;32m‹[1;42;37m∞[40m [47;30m€[46m      [40m€[0;32m ﬁ€‹€€€ﬂ ‹‹€[42m€€[40;37m [1;30mﬁ[46m›   [47m€[40m›[0;32mﬁ€[1;42;37m∞∞±±≤≤[40m€€€‹[0m [1;30m€€€
[42;37m∞[40m €[42m±±≤±∞[0;32m€€ ‹[1;42;37m‹±[40m› [0m  [1m€€€€€€€€[42m≤≤±±∞[0;32m›[1;37m [30mﬁ[46m›     ﬁ[40m›‹[0;32mﬁ€€€›‹€€€€€€›[37m [1;47;30m€[46m  ﬁ[40m€[37m [0;32mﬂ €€[1;42;37m∞∞±±≤≤[40m€€›[30mﬂ€€
[42;37m∞[40m  €[42m≤[40mﬁ[42m≤±∞[0;32m€ﬁ[1;42;37m±≤€[40m€ ﬁ›€€€€€€[42m≤≤±±∞∞ [40;30m‹›[37m [47;30m€[46m      ﬁ[47m€[0;32m €€€ﬁ[42m€[40m€€€€€≤›[37m [1;47;30m€[46m  ﬂ[40m‹[47m€[46mﬂ[40m‹[37m [0;32m€€€[1;42;37m∞∞±±≤≤[40m€›[30mﬁ€
[42;37m±[0;36mﬁ  [1;37m€ [42m≤≤±∞±≤[40m€€€ €€€€[0m [1m€[42m€≤[0;32mﬂ[1;42;37m±∞∞ [30m‹[40m‹[42m≤[40m€[37m [30mﬂﬂ[46m‹    ‹[40m›[0;32mﬁ€€€€€[42m€[40m€€€≤≤[37m [1;30mﬁ[46m›     [47m€[40mﬂ[0m [32m €€€€[1;42;37m∞∞±±≤≤[0m [1;30m€
[42;37m≤[0;36mﬁ∞ [1;30m [37m ﬁ€[42m ±≤[40m€€€€ﬁ€€[42m€[40m [0m [1m [42m≤±[0;32mﬁ[1;42;37m∞∞  [30mﬁ≤±≤∞[0;32mﬂ[37m [1;30mﬂ[47m€[46m‹‹[47m€[40mﬂ[0m [32m€€[1;42;30m  [0;32m€€[42m€[40m€€≤≤ [37m [1;47;30m€[46m     ﬁ[40m›[0m [32m˛  €€€€[1;42;37m ∞∞±±[40m›[30mﬁ
[37m€[0;36mﬁ≤∞[1;30m [37m €[42m€ﬁ≤[40m€€€€€ﬁ€[42m€€≤[40m [0m  [1;42m∞[0m [1;42m∞  [30mﬁ≤≤±∞[0;32m€[1;42;30m ∞[40;37m [0;32m‹[1;37m  [0;32m‹‹[42m€€[1;30m∞∞[0;42;32m€[40m€€€€≤≤  [37m [1;47;30m€[46m      [47m€[0m [32m ﬁ‹ﬁ€€€ﬂ‹€[1;42;37m∞∞±[0m
[1m€[0;36mﬁ≤≤∞ [1;37m €[42m≤[40m€€€€€€[42m€€≤≤±±[0;32m  ﬁ[37m  [1;42;30m‹[40m€[42m≤≤±∞[0;32m€[1;42;30m ∞∞±±≤±∞[0;42;32m€[1;30m∞∞∞[0;42;32m€€€€[40m€≤∞‹‹€[37m [1;30mﬂﬂ€[46m‹‹  ﬁ[40m›[0m  [32m€€€€€ﬁ€€€€[1;42;37m∞[0;32m›
[1;37m€[0;36mﬁ€≤≤∞[1;37m  €€€€€[42m€€[40m ﬂ[42m±±∞∞ [0m [32m€[37mﬁ› [1;30mﬁ[42m±≤[0;32mﬂ€[1;42;30m ∞∞±≤≤€€±∞∞[40m‹[42m±∞[0;42;32m€€[40m€≤∞‹∞≤€[37m €‹‹ [1;30mﬂﬂ[46m‹‹ﬂ[40m›[0m [32mﬁ€€€€ €€€€€›
[1;37m›[0;36mﬁ€€≤ [1;37m› ‹‹€[42m€€≤≤±±[0;32m‹ﬁ[1;42;37m   [30m∞[0m  €› [1;42;30m≤≤[0m [1m [0;32mﬂ[1;30mﬂ[42m≤≤€[40mﬂ‹[42m≤≤±[40mﬂ[0;32m [1;42;30m≤±∞[0;32m€≤‹€∞≤€€[37m ﬂﬂﬂ€€‹‹ [1;30mﬂ[47m€[40;37m [0;32m €€€€€€€€€€›
[1;37m€[0;36mﬁﬂﬂ[1;37m ﬁ€€€[42m€€≤≤±±∞∞   [30m∞∞±∞[0m ﬁ€ [1;30mﬁ›[0m €€[1m [42;30m≤[40mﬂ[37m  [30mﬂﬂ[42m≤≤[40mﬂ[0;32m [1;42;30m≤±∞[0;32m€ﬂ€≤≤€€€›‹ﬂ[37m ‹€€€€‹ [32mﬁ ﬁ€€€€›€€€€
[1;37m€ ‹€ €€€[42m€≤≤±±∞∞[0;32mﬂ[1;42;37m  [30m∞∞∞±≤±∞[0m ﬁ€[1m [30m›[0mﬁ€€[1m [30m›[0m €€€ [1;30mﬁ[42m≤[40m›[0;32m [1;42;30m≤≤±∞[0;32m€€≤€€€€€›[37mﬁ€€€€€€  [32m€€‹ﬂ€€ﬂ∞€€€
[1;37mﬂﬁ€€€€[42m€≤≤±±∞∞  [0;32m›ﬁ[1;42;30m∞[37m [30m∞±≤≤≤±∞[40;37m [0mﬁ [1;42;30m≤[0m €€[1m [30m›[0m ﬂ [1;30m‹[0m [32m [1;30m€[42m≤[0;32m [1;42;30m≤≤±∞[0;32m€€€€€€€€[37m €ﬂﬂﬂ€€ﬂ [32m€€€€€€‹‹€€€[1;37m  [30m€
[37mﬁ€€€[42m€≤≤±±∞∞   [0;32mﬂ[1;37m  [42;30m∞∞±≤€[40;37m [42;30m≤≤±∞[40;37m  [0m‹‹€€[1m [30m›‹ﬂ[0m ‹‹[32m [1;30m›€[42m≤[40m‹[42m≤±∞[0;32m€€≤€€‹ﬂ›[37mﬁ€›[32mﬂ‹‹  €€€€€€€€€€€[1;37m  [30m€€
[37m€€€[42m≤≤±±∞∞ [0;32mﬂﬂ[1;37m  [0m [32m‹[1;37m [30mﬁ[42m±≤€€[40m›[37m [42;30m≤≤±∞[40;37m [0mﬂ€€€[1m [42;30m≤[40m›[0m €€€[32m [1;30m€[0;32m [1;30m€[42m≤[40m‹ﬂ[42m∞[0;32m€€€€€€›[37m €€€ [32m ﬂ€€€€€€€€€€€ﬂ [1;37m [30m€€€
[37m€[42m≤≤±±∞[0;32mﬂﬂ ›[37m  [32m‹[37m ‹‹‹ [1;42;30m≤€≤€€[40;37m  [42;30m≤≤±∞[40;37m [0mﬂ€€[1m [42;30m≤[0m ﬁ€€€ [1;30m≤[0m [32m [1;30m€[42m≤[40m€[42m±∞[0;32m€€€€€›[37m €ﬂﬂ [32m€€€€€€€€€[1;42;30m [0;32m€ﬂ   [1;30m€€€€
[42;37m≤±±∞[0;32mﬂ[37m ‹€[1m [0;32m›‹[1;37m  [0m‹€€€[1m [30mﬁ[42m≤≤€€[40m›[37m  [42;30m≤≤±∞[40;37m [0mﬂ€[1m [30m›[0m €€€€ [1;30m∞[0m [32m [1;30mﬁ[0;32m [1;30m€[42m≤±∞[0;32m€€[1;42;30m∞[0;32m€€‹‹‹€€€€€€€€[1;42;30m‹ [0;32m€ﬂ[37m ‹€ [1;30m€€€€€
[42;37m±∞∞[0;32m›[37m €€€[1m [0;32m€›[37m €€€€€›[1m [42;30m€≤€€€[40;37m   [42;30m≤≤±∞[0;32m‹[1;37m  [30m›[0mﬁ€€€ [1;30m‹‹[0m [1;30m‹€€[42m≤±∞[0;32m€€[1;42;30m∞∞‹[0;32m€€€€€€€€€€€[1;42;30m‹ [0;32mﬂ[37m ‹€ﬁ€ [1;30m€€€€€
[42;37m∞  [0m ﬁ€€€[1m [0;32m€[37m ﬁ€€€€€€ [1;30mﬁ[42m€€€€[40m›[37m   [30mﬂﬂ[37m [0;31m‹‹‹[1;41;30m≤[0;31m‹‹‹[36m  [37m   [32m  [1;30mﬂﬂ€[42m≤±∞±±≤€‹‹[0;32m€[1;42;30m‹‹ﬂ[0;32m€€[1;42;30m‹≤[40mﬂ[0m ‹€€≤ﬁ€ [1;30m€€€€€
[42;37m  [0;32m›[37m €€€€   €€€€€€€› [1;42;30m€[40mﬂﬂ[0m  [1;36m [0;31mﬂ€€€€€€€[1;41;30m±[0;31m€€€€€€€≤‹[1m [0;31m‹‹[1;37m  [30mﬂﬂ€[42m≤[40m€[0;32m  [1;30m‹[42m€≤[0;32m€€[1;42;30m‹≤[40mﬂ[0m ‹€≤€≤±ﬁ€ [1;30m€€€€€
[42;37m   [0m ﬁ€€€[1m [0;32m€[37m €€€€€€€›[1m  [31m [0;31mﬂ[1;41m     [0;41;31m‹‹‹‹€€[1;30m∞[0;41;31m€€€€[1m€‹‹     [0;31m‹ [32m   [1;30mﬂ[0;32m [1;30m‹€[42m≤›[0;32m€[1;42;30m‹[40m€ﬂ[0m ‹€› ±≤±∞ﬁ€ [1;30m€€€€€
[42;37m   [0;32m›[37m €€€[32mﬁ≤[37m ﬁ€€€€€› [1;31m [41m [0;41;31m‹‹‹€[40m€€€[41mﬂﬂﬂﬂﬂ [1;37m [0;41;31m  ﬂ [1m  ‹‹   [0;31mﬂ‹‹€ﬂ  [1;30mﬁ€[42m≤›[0;32m€[1;30m€ﬂ[0m ‹€≤≤€ ∞±∞ ﬁ€ [1;30m€€€€€
[0;32mﬂ[1;42;37m   [0;32m‹[37m ﬂ [32m‹€›[37m €€€€› [31m [41m€€€ﬂﬂﬂ    € ≤±±[1;30m∞[0;41;32m [31m [40m€ﬂﬂ€€[1;41m ﬂ≤[0;31m›€€€[1;41;30m∞[0;31m‹[1;30m‹[0;31m [32m [1;30m€[42m≤[0;32m€[1;42;30m≤[40m›[0;32m [37m€±±∞∞€› ∞ ‹€€ [1;30m€€€€€
[0m‹‹ [32mﬂﬂﬂﬂﬁ‹€€[37m ﬁ€€› [31m [41m€€‹[40m€[41m €€€€€≤≤±±∞∞[40mﬂ[41m∞∞[1m [0;31m€€€‹ﬂ€€[1;41m±∞[0;31m€€€€[1;41;30m±≤[0;31m [32m [1;30mﬂ€[42m‹[40m€‹[0m ﬂﬂ€€€€‹ ‹€€€ [1;30m€€€€€
[0m≤€€€€€‹[1m [0;32mﬂﬂ[37m ‹€€› [31m [41m€[1m  [0;31m€‹‹  ﬂ[41m±±∞∞  [40m€[41m∞ ∞∞[1m [0;31m€€€[1;41;30m∞[0;31m›∞ﬂ€[1;41m∞∞[0;31m€€€€[1;41;30m∞≤[0;32m [37m ‹ [1;30mﬂﬂﬂﬂ[0m   ﬂﬂ€‹€€€€ [1;30m€€€€€
[0m≤≤€€€€€€‹‹€ﬂﬂﬂ [31m ›[41m€›[1m [0;41;31m €€[40m€‹  €€€€€€€€€[41m [1m  [0;31m€€[1;41;30m∞±[0;31m±‹ ﬂ€€±≤€€[1;41;30m∞±[0;32m [37mﬁ€€€€[32m [1;30mﬂﬂﬂ[0;32m [37m [1;30m‹‹‹‹[0m € [1;30m€€€€€
[0m±≤€€€€€€€€€ﬂ   [31m €[41m›[1m  [0;31m€[41m›ﬁ€€[40m€ ∞€€€€€€€[41m∞ [1m  [0;31m€[1;41;30m∞±≤[0;31m›   ﬁﬁ€‹€[1;41;30m∞±≤[40m›[0m ﬂ€€€€€€€€‹‹‹‹‹‹€ [1;30m€€€€€
[0m∞≤≤€€€€€€ﬂ  ‹€ [31m €€[1;41m  [0;31m€≤≤[41m€[40m≤≤±∞€€€€€€€€€€€[1;41;30m∞±≤[0m[6C[31mﬁ €€[1;41;30m∞±[40m‹›[0m   ﬂﬂ€€€€ﬂﬂﬂﬂ€€€€ [1;30m€€€€€
[0m∞±≤≤€€€€›  ﬁ€€ [31m €€€€≤≤€€€€≤±€€€[1;41;30mﬂ[0;31m€€[1;41;30m‹[0;31m€[1;41;30m‹∞±[0;31mﬂ[1;41;30m≤[0;31m   [37m    [31m≤‹ﬂ[1;41;30m∞±≤[0;32m  [37m €≤‹‹    ‹‹€€€€€€ [1;30m€€€€€
[0m∞∞±≤€€€€›‹  ﬂ€ [31m [1;41m [0;31m€€≤€€€€€€€≤€[1;41m   [0;31m€€€€€€€€€[1;41m    [0;31m€€‹€€€‹ﬂ[1;41;30m∞≤[0;32m [37m ﬁ±≤€€€€€€€€€€€€€ [1;30m€€€€€
[0m  ‹‹‹€‹€ €€‹  [31mﬁﬁ€€€€€€€€€€€≤€[1;41mﬂﬂ[0;31m€[1m [41mﬂ ﬂﬂ≤€[40m€[41m€ﬂﬂ[0;31m€€ [1;30m›[41m∞[0;31m€€€≤  ﬂ›[37m  ∞±‹‹‹‹‹€€‹   ∞€ [1;30m€€€€€
[0m ∞€€€€€€ ﬁ€€€  [31m €€€€€€€€€€€€€[1;41m [0;31m€€[1m [41m ‹‹€ﬂﬂ  [30m‹‹≤[40mﬂ[0;31m [1;30mﬂ[41m≤∞[0;31m€≤ ‹  [37m‹   ∞≤€€€€€€€∞∞  € [1;30m€€€€€
[0m ∞€€€€€€ €€€€€  [31m  €€€ €€€€€€€[1;41m ‹‹€ﬂﬂ [0;31m€[1;41;30m‹≤€[40mﬂﬂ[0;31m [37m‹[31m [1;30m‹[41m≤∞[0;31m€ﬂ‹€[1;41;30m∞≤[0m ﬁ€   ∞≤€€€€€€≤±  € [1;30m€€€€€
[0m ±€€€€€€ ›€€€€€  [31m ≤ €ﬁ€€€€€[1;41m‹€ﬂﬂ[0;31m€[1;41m  [30m ∞≤[40mﬂ[0m ‹‹€ﬂ [1;30mﬁ[41m≤∞[0;31m€€€€[1;41;30m∞≤[40m›[0m €€€   ∞±€€€€€€≤  € [1;30m€€€€€
[0m ≤€€€€€€  €€€› €  [31m  ≤ﬁ€€€€[1;41mﬁ€›[0;31m€€€€[1;41;30m∞±≤[0m ‹€€€› [1;30m›ﬂ[0;31m€€€€€[1;41;30m±≤[40m [0m €€€€€   ∞€€€€€€[1;47;30m [0m  € [1;30m€€€€€
[0m €€€€€€€  €€€€ ﬁ€  [31m ≤ €€€€€[1;41mﬂﬂ [0;31m›€€[1;41;30m±≤[40m›[0mﬁ€€€€ [1;30mﬁ[41m≤∞[0;31mﬂ[1;41;30m∞∞±≤[0;31m [37m  [1;47;30m [0m€€€€€€‹‹ ﬂ€€€€[1;47;30m ∞[0m  € [1;30m€€€€€
[0m ≤€€€€€€›ﬁ€€€€› €€   [31m  ≤€€€[1;41m [0;31m€ﬂﬁ€[1;41;30m∞≤€[40m›[0mﬁ€€€€ [1;30mﬁ[41m€≤±∞[40m‹[0;31m [37m  [1;47;30m∞±∞[0m€€€€€€€€€€‹‹€[1;47;30m [0mﬂﬂ  [1;47;30m∞[0m [1;30m€€€€€
[0m €€€€€€€€ﬁ€€€€€› €›‹‹   [31m ﬂﬂﬂ ‹€€€[1;41;30m∞≤€[0m ﬂ€€€› [1;30m€ﬂﬂ[0;31m [37m  [1;47;30m∞±≤≤±∞[0m€€€€€€€€€€€€[1;47;30m∞±≤[0m  € [1;30m€€€€€
[0m€‹ﬂﬂ€€€€€ﬁ€€€€€ﬂ  €€€€€‹‹  [32m [31mﬂﬂﬂﬂ ﬂ[1;41;30m±≤€[40m‹[0;31m [37mﬂ€€‹[1m  [0m‹€[1;47;30m∞∞±≤[40m‹[0m [1;30mﬂﬂ[47m≤≤±∞[0m€€€€€€€[1;47;30m∞±≤[40m›[0m [1;30mﬁ[47m∞[0m [1;30m€€€€€
[0m€€€‹‹ﬂﬂﬂ€ﬁ€ﬂﬂ  ‹‹€€€€€€€€€€‹‹   [1m [0;31mﬂ[1;41;30m≤[40m€€€ﬂ [0m ﬂ€€€€[1;47;30m∞[0mﬂ ‹[1;47;30m∞∞±[40m‹‹[0m  [1;30mﬂﬂ[47m≤≤±∞ ∞±≤≤[40mﬂ[0m [1;30m‹[47m±∞[0m [1;30m€€€€€
[0m€€€€€€€€≤ ‹‹‹€€€€€€€€€€€€€€€€€€‹‹   [1;30mﬂﬂ›[0m ﬁ€€€€ﬂ ‹[1;47;30m    ∞∞±≤≤[40m‹‹[0m  [1;30mﬂﬂﬂﬂ[47m≤[40m‹‹[47m€€€≤±[0m [1;30m€€€€€
[0m€€€€€€≤€± €€€ﬂﬂﬂ[8Cﬂﬂﬂ€€€€€€€€‹‹   €€€€ﬂ‹[1;47;30m      [0m€[1;47;30m  ∞∞±±≤≤[40m‹‹‹‹[47m≤[40mﬂﬂ€[47m€€€≤[0m [1;30m€€€€€
[0m≤€€€≤€±€∞ ﬂ   [1m‹€€€[47m€[40m€€€€‹‹‹[0m   ﬂﬂ€€€€€€€ ﬁ€€€€[1;47;30m       [0m€€€€€€[1;47;30m∞∞±±≤≤€€€[40m‹‹[0m  [1;30mﬂﬂ[47m€[0m [1;30m€€€€€
[0m€€≤€±€∞ﬂ  [1m [0m‹[1;47m∞±≤[40m€€[47m€€€≤[40m€[47m≤[40m€€€€€‹‹ [0m ﬂ€€€€€›€€€[1;47;30m      [0mﬂﬂﬂ[9C[1;30mﬂﬂﬂ[47m≤≤€€€€€[40m‹‹[0m  [1;30m€€€€€
[0m≤€±€∞ﬂ   ‹[1;47m∞ ±≤€[40m€[47m€€€≤±≤±≤≤€[40m€€€€€[0m   €€€€ €€€€€€ﬂ  [1m  ‹‹‹€€€€€‹‹‹ [0m   [1;30mﬂ[47m€€€€€€€[0m [1;30m€€€€€
[0m±€∞ﬂ   ‹[1;47m∞ ±∞≤€€€€€≤±[0mﬂ[1;47m±∞±≤≤[40m€€€€€€ [0m  €€€€€€€€ﬂ [1m ‹‹€€€€€€€€€€€€€€€‹ [0m  [1;30mﬂ[47m€€€€€[0m [1;30m€€€€€
[0m∞ﬂ   ‹[1;47m∞ ±∞≤±€€€[40mﬂﬂﬂ[47m±∞[0m›[1m [0mﬂ[1;47m∞±±≤[40m€€€€€€[0m   €€€€€ﬂ [1m  ‹‹€€€€€€€€€€ﬂ  ﬂ[47m≤≤[40m€€[0m    [1;47;30m€€€€[0m [1;30m€€€€€
[0m   ‹[1;47m∞ ±∞≤±[40m€[47m≤[40m€[47m€€€[40m‹  [47m±∞[40m  [0m›[1;47m∞∞±≤[40m€€€€€€  [0m €€€ [1m  ﬁ€€€€€€€€€€€€› [47m∞∞[0m‹[1m [47m≤≤€€[40m [0m   [1;47;30m€€€[0m [1;30m€€€€€
[0m ‹[1;47m∞ ±∞≤±[40m€[47m≤[40m€€€€[47m€€€[40m≤  [47m∞[0m›[1m  [47m ∞∞±≤[40m€€€€€€ [0m  € [1m  ﬁ€€€€€€€€€€€ﬂ›   [47m∞±±[40m [47m≤≤€[40m€[0m    [1;47;30m€€[0m [1;30m€€€€€
[47;37m∞ ±∞≤±[40m€[47m≤[40m€€€€€€€[47m€[40m≤[47m≤[40m› [0mﬁ[1m   [0m›[1;47m ∞∞±≤[40m€€€€€€[0m[5C[1mﬁ€€€€€€€€€€€€€[0m[5C[1;47m∞±≤≤€[40m€€€[0m    [1;47;30m€[0m [1;30m€€€€€
[47;37m±±≤±[40m€[47m≤[40m€€€€€€€€€≤[47m≤±∞[0m[6C[1;47m  ∞∞±≤[40m€€€€€€   ﬁ€€€€€€€€€€€€€[0m[7C[1;47m∞±≤[40m€€€€€  [0m [1;30mﬁ[0m [1;30m€€€€€
[47;37m≤≤[40m€[47m≤[40m€€€€€€€€€€≤[47m≤±∞[0m[8C[1;47m  ∞∞±≤[40m€€€€€€‹€€€€€€€€€€€€€€[0m[9C[1;47m∞±≤[40m€€€€€ [0m  [1;30m €€€€€
[37m€€€€€€€€€€€€€≤[47m≤±∞[0m  [1;30mthis [0m   [1;47m  ∞∞±≤[40m€€€€€€€€€€€€€€€€€€€[0m[11C[1;47m∞±≤[40m€€€€€[0m   [1;30m€€€€€
[37m€€€€€€€€€€€≤[47m€≤±∞[0m   [1;30mweird [0m   [1;47m   ∞±≤[40m€€€€€€€€€€€€€€€€[0m[14C[1;47m∞±≤[40m€€€€€ [0m [1;30m €€€€
[37m€€€€€€€€€≤[47m€≤±∞[0m [1;30m [0m  [1;30mass ansi[0m   ﬂﬂ[1;47m ∞±≤[40m€€€ﬂﬂ‹€€€€€ﬂﬂ[0m    [1;30mnokturnalE[0m   [1;47m∞±≤[40m€€€€€[0m [1;30m  €€€
[37m€€€€€€€≤[47m€≤±∞[0m   [1;30m  is hereby  [0m [1;30m [0m   ﬂﬂ[1mﬂ  ‹€€ﬂﬂﬂ[0m[6C[1;30m(acid/remorse)[0m  [1;47m∞±≤[40m€€€€€ [30m  €€
[37m€€€€€≤[47m€≤±∞[0m[5C[1;30mdedicated to all the [0m[18C[1;30m  aka[0m[8C[1;47m∞±≤[40m€€€€€ [30m  €
[37m€€€≤[47m€≤±∞[0m   [1;30mgreat artists to ever tag a piece[0m[9C[1;30mskypager![0m[6C[1;47m∞±≤[40m€€€€€
€≤[47m€≤±∞[0m   [1;30mof art[0m [1;30mwith the ACiD name.  Thank you all[0m[19C[1;47m∞±≤[40m€€€€€
[47m€≤±∞[0m   [1;30mfor the inspiration and dedication to the scene![0m[15C[1;47m∞±≤[40m€€€€€
[47m∞ [0m[68C[1m [47m∞±≤[40m€€€€€
[0m[72C[1;47m∞±≤[40m€€€€
SAUCE00Millenium Edition                  Nokturnal Emissions ACiD Productions    20031231†t  P Æ                             