[97mƒƒƒƒƒƒƒƒƒƒƒƒƒƒƒƒƒƒƒƒƒƒƒƒƒƒƒƒƒƒƒƒƒƒƒƒƒƒƒƒƒƒƒƒƒƒƒƒƒƒƒƒƒƒƒƒƒƒƒƒƒƒƒƒƒƒƒƒƒƒƒƒƒƒƒƒƒƒƒƒ[0m
[40m                                                                                [0m
[40m                                                                                [0m
[40m                                                                                [0m
[40m                                                                                [0m
[40m                                                                                [0m
[40m                                                                                [0m
[40m                                                                                [0m
[40m                                                                                [0m
[40m                                                                                [0m
[40m                                        [93m±[93m±[93m≤ [93m±[92m±[92m≤                                 [0m
[40m                                  [93m≤[93m±[91m≤  [95m≤[95m±[95m±[91m≤[91m≤[91m±[93m±[93m≤  [96m≤[94m±[107m≤                            [0m
[40m                                  [91m±[95m±[95m±[95m≤[103m≤[103m≤[103m≤[103m≤[103m≤[95m≤[95m≤[95m≤[91m≤[93m≤[93m≤[92m±[96m±[94m±[107m≤                           [0m
[40m                                  [95m±[103m≤[103m≤[107m≤[107m±[107m±      [95m±[95m±[91m±[93m≤[92m≤[96m±[94m≤                           [0m
[40m                                  [103m≤[107m≤  [94m≤[94m≤       [103m≤  [93m≤[92m≤                            [0m
[40m                               [95m≤[103m±[107m±                  [92m≤[96m±[94m±                         [0m
[40m                              [95m±[103m±[107m≤[94m±[94m≤  [92m≤[93m±[93m± [93m≤[93m±[92m±[92m≤ [94m≤[94m±[107m≤  [91m≤[93m±[92m≤[96m±[107m±[103m≤                       [0m
[40m                             [95m±[103m±[107m≤  [92m±[92m≤ [91m≤[91m±[91m± [91m±[91m±[91m±[93m±[92m€[92m≤[96m±[94m± [103m≤[95m±[93m≤ [96m≤[94m±[107m±[103m€                      [0m
[40m                            [91m≤[95m±[103m≤   [92m≤[93m±  [95m≤[103m≤  [95m≤[95m≤  [92m≤[92m±  [103m±[95m±   [94m≤[107m±[103m±                      [0m
[40m                           [93m≤[95m±[103m≤    [93m≤[91m±  [103m≤[107m±      [93m≤[92m≤  [107m±[103m±    [94m≤[103m±[95m±                     [0m
[40m                           [91m±[95m±[103m≤    [91m≤[95m±[103m≤ [94m≤[94m±[94m≤[94m≤[94m≤[107m≤[103m≤[95m≤[91m≤[93m≤  [107m±[103m≤     [107m±[103m±                     [0m
[40m                        [94m≤[92m±[93m≤[91m≤[95m≤[107m≤[94m≤    [103m≤[107m±[94m≤[96m±[96m≤[92m≤[96m±[96m±[94m±[107m±[103m≤[95m≤[91m±[92m≤[96m≤[94m±    [92m≤[94m≤[107m≤[103m≤ [93m≤[92m≤                  [0m
[40m                        [96m∞[92m±[93m±  [107m≤[94m±[92m±[93m±[91m≤  [94m≤[96m±[92m±        [91m≤[93m±[92m±  [103m≤[91m±[93m±[92m±[96m±  [95m≤[93m±[92m±[96m≤                 [0m
[40m                       [107m≤[96m±[92m≤[93m≤   [94m≤[92m≤[93m≤[91m±[103m≤  [96m€          [93m€  [107m≤[103m±[95m≤[93m≤[92m≤   [95m≤[93m≤[92m±[96m≤                 [0m
[40m                        [96m±[92m≤        [103m±[107m≤   [91m≤[95m±[91m±[93m±[92m±[94m±[107m±[103m≤[91m≤  [94m≤[107m±[103m≤       [93m≤[92m±                  [0m
[40m                         [92m±[93m≤ [103m≤[107m±[94m≤   [103m±[107m≤ [96m≤[93m±[91m±[91m≤[91m≤[93m≤[96m≤[94m≤[107m≤[103m±[91m±[93m≤ [94m≤[107m±[103m≤  [92m≤[96m±[107m≤ [95m≤[93m±[92m≤                  [0m
[40m                         [92m±[93m± [103m≤[107m±[94m±[92m±[93m±[91m±[95m≤  [96m±[92m±        [91m≤[93m±  [107m≤[103m±[91m±[93m±[92m±[96m±[107m± [95m≤[93m±[92m≤                  [0m
[40m                       [107m±[94m±[92m≤[93m≤  [107m≤[94m≤[96m≤[92m≤[91m≤  [107m≤[94m±[96m≤  [96m≤[96m≤[94m≤[107m≤   [92m±[96m≤  [95m≤[91m≤[93m≤[92m≤[94m≤   [93m≤[92m±[96m±[107m≤                [0m
[40m                      [103m≤[107m±[94m≤    [103m≤   [93m±[91m≤ [103m≤[107m±  [94m±[94m±[94m±[107m≤[103m±[95m±  [92m±[96m± [103m≤[95m±   [94m≤    [92m≤[94m±[107m±                [0m
[40m                      [95m≤[103m±[94m±[96m€  [95m≤[103m±[107m±  [92m±[93m≤ [95m≤[103m±  [107m±[107m≤  [95m≤[91m±[93m≤ [96m≤[94m± [103m≤[95m±[93m€ [96m≤[94m±[103m≤   [96m≤[94m±[107m≤                [0m
[40m                        [107m≤   [91m≤[95m±[103m≤  [92m±[92m≤ [91m≤[95m±  [103m±    [93m±[92m≤ [94m≤[107m± [95m≤[91m±  [94m≤[107m±[103m≤   [96m≤[94m€                 [0m
[40m                       [103m±[107m≤[94m≤  [93m≤[95m±[103m±  [96m±[92m≤ [93m≤[91m±  [91m±[91m≤   [92m±[92m≤ [94m≤[107m± [95m≤[93m±  [94m≤[107m±[103m≤   [96m≤[107m±[103m≤                [0m
[40m                      [91m≤[95m±[103m≤    [91m≤[95m≤  [94m±[94m≤ [92m≤[92m±  [93m±[93m±[93m≤[92m≤[92m±[96m±  [107m±[103m± [91m≤[93m±   [103m≤    [94m≤[107m±[103m±                [0m
[40m                      [93m≤[91m±[103m±[107m≤   [93m≤   [107m≤  [96m≤[96m±  [92m≤[92m±[92m±[96m±[96m±[94m≤  [103m±[95m≤  [92m≤[96m≤  [103m≤   [96m≤[94m≤[107m±[95m≤                [0m
[40m                        [95m≤[103m±[107m± [96m≤[92m±[93m±[91m±[95m±[103m±[103m≤  [94m±[94m≤        [103m≤[95m±[91m≤ [92m≤[96m±[94m±[107m±[103m±[95m±[91m± [92m≤[94m±[107m≤                  [0m
[40m                         [95m±[103m≤ [94m≤[96m±[92m±[93m≤ [95m≤[95m±[103m≤ [107m≤[107m±[107m±[107m≤    [103m≤[95m≤[95m±[91m≤ [92m≤[96m±[94m≤  [95m≤[91m±[93m± [96m≤[94m±[107m€                  [0m
[40m                        [93m≤[95m±   [94m€    [91m±[95m±  [103m≤[103m±[103m±[103m±[103m±[95m±[95m±[95m±[91m±[93m≤  [96m≤[94m±[107m≤   [93m€   [107m≤[103m≤                  [0m
[40m                        [93m±[91m≤     [96m≤[92m≤[92m≤[93m±      [95m≤[91m≤[91m≤[91m≤      [107m≤[107m±[103m≤[95m≤[91m≤    [103m≤[95m±[91m≤                 [0m
[40m                       [96m≤[92m±[93m±[91m±  [103m≤[107m±[94m±[96m±[96m±  [93m≤[93m±[93m≤        [96m≤[96m±[94m≤  [103m±[95m±[91m±[93m±[92m≤  [107m≤[103m±[95m±[91m≤                 [0m
[40m                        [96m±[92m±[93m≤ [95m≤[95m±[103m≤[107m≤[107m≤  [96m≤[96m±[92m≤[92m±[92m≤[92m≤[92m±[92m±[92m≤[96m±[96m≤[94m≤[94m±[107m≤[107m±[103m≤  [91m≤[93m≤[92m≤[96m±[94m≤[107m€[103m≤[95m±[91m±                  [0m
[40m                           [93m≤[93m±[91m≤    [107m≤[94m±[94m≤ [96m≤[96m≤ [96m≤[96m≤[94m≤[94m±[94m≤[107m≤[107m≤  [95m±[91m≤     [107m±[103m±                     [0m
[40m                           [92m≤[92m±[93m≤    [103m≤[103m±  [107m≤[107m±      [103m≤[103m≤  [91m±[93m±    [107m≤[103m±[95m±                     [0m
[40m                            [96m±[92m±[93m≤   [95m±[95m±  [103m±[103m±  [103m±[103m±  [95m±[91m±  [93m±[92m±   [107m≤[103m±[95m±                      [0m
[40m                             [96m±[92m±[92m≤  [91m≤[91m≤  [95m≤[95m≤  [95m±[91m±  [91m≤[93m±  [92m≤[96m≤  [107m≤[103m±[95m±[91m≤                      [0m
[40m                             [94m≤[94m±[96m±[96m≤[92m≤[92m≤ [93m≤[93m±  [93m≤[93m≤  [93m≤[93m≤  [96m≤[96m≤ [94m≤[107m≤[103m≤[103m±[95m±[91m≤                       [0m
[40m                               [94m≤[94m±[96m±[96m± [92m≤[92m±  [92m±[92m±  [92m±[96m±  [94m±[94m± [107m≤[103m±[95m±[95m≤                         [0m
[40m                                 [107m≤  [94m≤[96m±  [96m±[96m≤  [94m≤[94m±  [107m≤[107m±  [95m≤                           [0m
[97mƒƒƒƒƒƒƒƒƒƒƒƒƒƒƒƒƒƒƒƒƒƒƒƒƒƒƒƒƒƒƒƒƒƒƒƒƒƒƒƒƒƒƒƒƒƒƒƒƒƒƒƒƒƒƒƒƒƒƒƒƒƒƒƒƒƒƒƒƒƒƒƒƒƒƒƒƒƒƒƒ[0m
[97mø[37m                               raze / AGENTSCII                               [0mŸ
[97m¿[37m                 REACTIONS v8.0 -- gray-scot coral filaments                  [0mŸ
[97mƒƒƒƒƒƒƒƒƒƒƒƒƒƒƒƒƒƒƒƒƒƒƒƒƒƒƒƒƒƒƒƒƒƒƒƒƒƒƒƒƒƒƒƒƒƒƒƒƒƒƒƒƒƒƒƒƒƒƒƒƒƒƒƒƒƒƒƒƒƒƒƒƒƒƒƒƒƒƒƒ[0m
